Component: ARM Compiler 5.05 update 1 (build 106) Tool: armlink [4d0efa]

==============================================================================

Section Cross References

    main.o(.text) refers to _printf_pad.o(.text) for _printf_pre_padding
    main.o(.text) refers to _printf_percent.o(.ARM.Collect$$_printf_percent$$00000000) for _printf_percent
    main.o(.text) refers to _printf_d.o(.ARM.Collect$$_printf_percent$$00000009) for _printf_d
    main.o(.text) refers to _printf_dec.o(.text) for _printf_int_dec
    main.o(.text) refers to _printf_f.o(.ARM.Collect$$_printf_percent$$00000003) for _printf_f
    main.o(.text) refers to printf1.o(x$fpl$printf1) for _printf_fp_dec
    main.o(.text) refers to _scanf_int.o(.text) for _scanf_int
    main.o(.text) refers to dflt_clz.o(x$fpl$dflt) for __aeabi_i2d
    main.o(.text) refers to dmul.o(x$fpl$dmul) for __aeabi_dmul
    main.o(.text) refers to daddsub_clz.o(x$fpl$dadd) for __aeabi_dadd
    main.o(.text) refers to dfix.o(x$fpl$dfix) for __aeabi_d2iz
    main.o(.text) refers to noretval__2sprintf.o(.text) for __2sprintf
    main.o(.text) refers to gui.o(.text) for Gui_DrawFont_GBK16
    main.o(.text) refers to stm32f10x_tim.o(.text) for TIM_SetCompare1
    main.o(.text) refers to delay.o(.text) for delay_ms
    main.o(.text) refers to lcd_driver.o(.text) for Lcd_Clear
    main.o(.text) refers to noretval__2printf.o(.text) for __2printf
    main.o(.text) refers to sht11.o(.text) for SHT11_Measure
    main.o(.text) refers to fflt_clz.o(x$fpl$ffltu) for __aeabi_ui2f
    main.o(.text) refers to f2d.o(x$fpl$f2d) for __aeabi_f2d
    main.o(.text) refers to fflt_clz.o(x$fpl$fflt) for __aeabi_i2f
    main.o(.text) refers to frleqf.o(x$fpl$frleqf) for __aeabi_cfrcmple
    main.o(.text) refers to pump.o(.text) for PUMP_Open
    main.o(.text) refers to sht2x.o(.text) for SHT2x_MeasureTempPoll
    main.o(.text) refers to dht11.o(.text) for DHT11_Read_Data
    main.o(.text) refers to watersensor.o(.text) for Get_WaterSensor_Adc_Average
    main.o(.text) refers to fdiv.o(x$fpl$fdiv) for __aeabi_fdiv
    main.o(.text) refers to d2f.o(x$fpl$d2f) for __aeabi_d2f
    main.o(.text) refers to main.o(.data) for ServoAngle
    main.o(.text) refers to usart.o(.data) for USART_RX_STA
    main.o(.text) refers to usart.o(.bss) for USART_RX_BUF
    main.o(.text) refers to main.o(.bss) for ReceiveBuf
    main.o(.text) refers to drleqf.o(x$fpl$drleqf) for __aeabi_cdrcmple
    main.o(.text) refers to dleqf.o(x$fpl$dleqf) for __aeabi_cdcmple
    main.o(.text) refers to battery.o(.text) for Get_Battery_Adc_Average
    main.o(.text) refers to daddsub_clz.o(x$fpl$dsub) for __aeabi_dsub
    main.o(.text) refers to ddiv.o(x$fpl$ddiv) for __aeabi_ddiv
    main.o(.text) refers to bh1750.o(.text) for BH1750_1_Open
    main.o(.text) refers to fleqf.o(x$fpl$fleqf) for __aeabi_cfcmple
    main.o(.text) refers to ws2812b.o(.text) for WS_SetAll
    main.o(.text) refers to led.o(.text) for LED_RBGAllClose
    main.o(.text) refers to rtc.o(.bss) for calendar
    main.o(.text) refers to strcpy.o(.text) for strcpy
    main.o(.text) refers to strlen.o(.text) for strlen
    main.o(.text) refers to strncmp.o(.text) for strncmp
    main.o(.text) refers to strtok.o(.text) for strtok
    main.o(.text) refers to __0sscanf.o(.text) for __0sscanf
    main.o(.text) refers to rtc.o(.text) for RTC_Set
    main.o(.text) refers to stm32f10x_usart.o(.text) for USART_GetITStatus
    main.o(.text) refers to main.o(.constdata) for Instructions
    main.o(.text) refers to stm32f10x_gpio.o(.text) for GPIO_ReadInputDataBit
    main.o(.text) refers to stm32f10x_exti.o(.text) for EXTI_ClearITPendingBit
    main.o(.text) refers to misc.o(.text) for NVIC_PriorityGroupConfig
    main.o(.text) refers to key.o(.text) for KEY_Init
    main.o(.text) refers to exti.o(.text) for EXTIX_Init
    main.o(.text) refers to beep.o(.text) for BEEP_Init
    main.o(.text) refers to iwdg.o(.text) for IWDG_Init
    main.o(.text) refers to usart.o(.text) for uart_init
    main.o(.text) refers to stm32f10x_iwdg.o(.text) for IWDG_ReloadCounter
    system_stm32f10x.o(.text) refers to system_stm32f10x.o(.data) for SystemCoreClock
    led.o(.text) refers to stm32f10x_rcc.o(.text) for RCC_APB2PeriphClockCmd
    led.o(.text) refers to stm32f10x_gpio.o(.text) for GPIO_PinRemapConfig
    led.o(.text) refers to delay.o(.text) for delay_ms
    beep.o(.text) refers to stm32f10x_rcc.o(.text) for RCC_APB2PeriphClockCmd
    beep.o(.text) refers to stm32f10x_gpio.o(.text) for GPIO_Init
    beep.o(.text) refers to delay.o(.text) for delay_ms
    key.o(.text) refers to stm32f10x_rcc.o(.text) for RCC_APB2PeriphClockCmd
    key.o(.text) refers to stm32f10x_gpio.o(.text) for GPIO_Init
    key.o(.text) refers to delay.o(.text) for delay_ms
    key.o(.text) refers to led.o(.text) for LED_Flicker
    key.o(.text) refers to key.o(.data) for key_up
    pwm.o(.text) refers to stm32f10x_rcc.o(.text) for RCC_APB1PeriphClockCmd
[...]
    EXTI9_5_IRQHandler                       0x080015c9   Thumb Code    88  main.o(.text)
    EXTI0_IRQHandler                         0x08001621   Thumb Code    24  main.o(.text)
    main                                     0x08001639   Thumb Code   202  main.o(.text)
    NMI_Handler                              0x08001721   Thumb Code     2  stm32f10x_it.o(.text)
    HardFault_Handler                        0x08001723   Thumb Code     4  stm32f10x_it.o(.text)
    MemManage_Handler                        0x08001727   Thumb Code     4  stm32f10x_it.o(.text)
    BusFault_Handler                         0x0800172b   Thumb Code     4  stm32f10x_it.o(.text)
    UsageFault_Handler                       0x0800172f   Thumb Code     4  stm32f10x_it.o(.text)
    SVC_Handler                              0x08001733   Thumb Code     2  stm32f10x_it.o(.text)
    DebugMon_Handler                         0x08001735   Thumb Code     2  stm32f10x_it.o(.text)
    PendSV_Handler                           0x08001737   Thumb Code     2  stm32f10x_it.o(.text)
    SysTick_Handler                          0x08001739   Thumb Code     2  stm32f10x_it.o(.text)
    SystemInit                               0x0800181b   Thumb Code    78  system_stm32f10x.o(.text)
    SystemCoreClockUpdate                    0x08001869   Thumb Code   142  system_stm32f10x.o(.text)
    LED_Init                                 0x0800191d   Thumb Code   158  led.o(.text)
    LED_Flicker                              0x080019bb   Thumb Code    74  led.o(.text)
    LED1_Open                                0x08001a05   Thumb Code     8  led.o(.text)
    LED1_Close                               0x08001a0d   Thumb Code     8  led.o(.text)
    LED2_Open                                0x08001a15   Thumb Code    10  led.o(.text)
    LED2_Close                               0x08001a1f   Thumb Code    10  led.o(.text)
    LEDR_Open                                0x08001a29   Thumb Code    22  led.o(.text)
    LEDB_Open                                0x08001a3f   Thumb Code    24  led.o(.text)
    LEDG_Open                                0x08001a57   Thumb Code    22  led.o(.text)
    LED_RBGAllClose                          0x08001a6d   Thumb Code    20  led.o(.text)
    BEEP_Init                                0x08001a9d   Thumb Code    50  beep.o(.text)
    beeping_ms                               0x08001acf   Thumb Code    32  beep.o(.text)
    KEY_Init                                 0x08001afd   Thumb Code   120  key.o(.text)
    KEY_Scan                                 0x08001b75   Thumb Code   242  key.o(.text)
    keyTest                                  0x08001c67   Thumb Code    80  key.o(.text)
    TIM3_Int_Init                            0x08001cc1   Thumb Code    90  pwm.o(.text)
    TIM3_IRQHandler                          0x08001d1b   Thumb Code    38  pwm.o(.text)
    TIM3_PWM_Init                            0x08001d41   Thumb Code   122  pwm.o(.text)
    SHT11_GPIO_Config                        0x08001dc9   Thumb Code    40  sht11.o(.text)
    DATA_Mode_Out_PP                         0x08001df1   Thumb Code    32  sht11.o(.text)
    DATA_Mode_IPU                            0x08001e11   Thumb Code    26  sht11.o(.text)
    SHT11_SCK_OUT                            0x08001e2b   Thumb Code    30  sht11.o(.text)
    SHT11_DATA_OUT                           0x08001e49   Thumb Code    34  sht11.o(.text)
    SHT11_DATA_Read                          0x08001e6b   Thumb Code    18  sht11.o(.text)
    SHT11_Start                              0x08001e7d   Thumb Code    88  sht11.o(.text)
    SHT11_Reset                              0x08001ed5   Thumb Code    44  sht11.o(.text)
    SHT11_WriteByte                          0x08001f01   Thumb Code   108  sht11.o(.text)
    SHT11_SoftReset                          0x08001f6d   Thumb Code    20  sht11.o(.text)
    SHT11_ReadByte                           0x08001f81   Thumb Code    96  sht11.o(.text)
    SHT11_Read_StatusReg                     0x08001fe1   Thumb Code    40  sht11.o(.text)
    SHT11_Write_StatusReg                    0x08002009   Thumb Code    34  sht11.o(.text)
    SHT11_Measure                            0x0800202b   Thumb Code   120  sht11.o(.text)
    SHT11_Convert                            0x080020a3   Thumb Code   240  sht11.o(.text)
    SHT11_Convert_Dewpoint                   0x08002193   Thumb Code   228  sht11.o(.text)
    PUMP_Init                                0x08002279   Thumb Code    46  pump.o(.text)
    PUMP_Open                                0x080022a7   Thumb Code    12  pump.o(.text)
    PUMP_Close                               0x080022b3   Thumb Code    12  pump.o(.text)
    DHT11_Rst                                0x080022c5   Thumb Code    52  dht11.o(.text)
    DHT11_Check                              0x080022f9   Thumb Code    96  dht11.o(.text)
    DHT11_Read_Bit                           0x08002359   Thumb Code    76  dht11.o(.text)
    DHT11_Read_Byte                          0x080023a5   Thumb Code    30  dht11.o(.text)
    DHT11_Read_Data                          0x080023c3   Thumb Code    88  dht11.o(.text)
    DHT11_Init                               0x0800241b   Thumb Code    54  dht11.o(.text)
    WaterSensor_Init                         0x08002465   Thumb Code   132  watersensor.o(.text)
    Get_WaterSensor_Adc                      0x080024e9   Thumb Code    46  watersensor.o(.text)
    Get_WaterSensor_Adc_Average              0x08002517   Thumb Code    46  watersensor.o(.text)
    BH1750_1_Open                            0x0800254d   Thumb Code    16  bh1750.o(.text)
    BH1750_2_Open                            0x0800255d   Thumb Code    16  bh1750.o(.text)
    GPIOConfig                               0x0800256d   Thumb Code    40  bh1750.o(.text)
    BH1750_Start                             0x08002595   Thumb Code    56  bh1750.o(.text)
    BH1750_Stop                              0x080025cd   Thumb Code    46  bh1750.o(.text)
    BH1750_SendACK                           0x080025fb   Thumb Code    98  bh1750.o(.text)
    BH1750_RecvACK                           0x0800265d   Thumb Code   108  bh1750.o(.text)
    BH1750_SendByte                          0x080026c9   Thumb Code    86  bh1750.o(.text)
    BH1750_RecvByte                          0x0800271f   Thumb Code   130  bh1750.o(.text)
    Single_Write_BH1750                      0x080027a1   Thumb Code    26  bh1750.o(.text)
    BH1750_Init                              0x080027bb   Thumb Code    20  bh1750.o(.text)
    mread                                    0x080027cf   Thumb Code    62  bh1750.o(.text)
    Convert_BH1750                           0x0800280d   Thumb Code    62  bh1750.o(.text)
    BatteryADC_Init                          0x08002865   Thumb Code   132  battery.o(.text)
    Get_Battery_Adc                          0x080028e9   Thumb Code    46  battery.o(.text)
    Get_Battery_Adc_Average                  0x08002917   Thumb Code    46  battery.o(.text)
    SHT2x_Delay                              0x0800294d   Thumb Code    28  sht2x.o(.text)
    SHT2x_SDA_OUTPUT                         0x08002969   Thumb Code    32  sht2x.o(.text)
    SHT2x_SCL_OUTPUT                         0x08002989   Thumb Code    32  sht2x.o(.text)
    SHT2x_I2cStopCondition                   0x080029a9   Thumb Code    64  sht2x.o(.text)
    SHT2x_SDA_INPUT                          0x080029e9   Thumb Code    26  sht2x.o(.text)
    SHT2x_I2cWriteByte                       0x08002a03   Thumb Code   150  sht2x.o(.text)
    SHT2x_I2cStartCondition                  0x08002a99   Thumb Code    64  sht2x.o(.text)
    SHT2x_SoftReset                          0x08002ad9   Thumb Code    30  sht2x.o(.text)
    SHT2x_Init                               0x08002af7   Thumb Code    62  sht2x.o(.text)
    SHT2x_SCL_INPUT                          0x08002b35   Thumb Code    26  sht2x.o(.text)
    SHT2x_I2cAcknowledge                     0x08002b4f   Thumb Code    54  sht2x.o(.text)
    SHT2x_I2cNoAcknowledge                   0x08002b85   Thumb Code    54  sht2x.o(.text)
    SHT2x_I2cReadByte                        0x08002bbb   Thumb Code    98  sht2x.o(.text)
    SHT2x_MeasureTempHM                      0x08002c1d   Thumb Code   156  sht2x.o(.text)
    SHT2x_MeasureHumiHM                      0x08002cb9   Thumb Code   156  sht2x.o(.text)
    SHT2x_MeasureTempPoll                    0x08002d55   Thumb Code   162  sht2x.o(.text)
    SHT2x_MeasureHumiPoll                    0x08002df7   Thumb Code   128  sht2x.o(.text)
    SHT2x_ReadUserReg                        0x08002e77   Thumb Code    46  sht2x.o(.text)
    SHT2x_WriteUserReg                       0x08002ea5   Thumb Code    36  sht2x.o(.text)
    SHT2x_GetSerialNumber                    0x08002ec9   Thumb Code   206  sht2x.o(.text)
    SHT2x_Test                               0x08002f97   Thumb Code    44  sht2x.o(.text)
    WS_Init                                  0x08002fe5   Thumb Code    38  ws2812b.o(.text)
    delay2us                                 0x0800300b   Thumb Code    14  ws2812b.o(.text)
    delay05us                                0x08003019   Thumb Code    14  ws2812b.o(.text)
    TX0                                      0x08003027   Thumb Code    26  ws2812b.o(.text)
    TX1                                      0x08003041   Thumb Code    26  ws2812b.o(.text)
    WS_Reset                                 0x0800305b   Thumb Code    30  ws2812b.o(.text)
    WS_Set1                                  0x08003079   Thumb Code    40  ws2812b.o(.text)
    WS_SetAll                                0x080030a1   Thumb Code    46  ws2812b.o(.text)
    abs0                                     0x080030cf   Thumb Code    16  ws2812b.o(.text)
    ColorToColor                             0x080030df   Thumb Code   350  ws2812b.o(.text)
    RTC_Get_Week                             0x0800326d   Thumb Code   116  rtc.o(.text)
    Is_Leap_Year                             0x080032e1   Thumb Code    58  rtc.o(.text)
    RTC_Get                                  0x0800331b   Thumb Code   240  rtc.o(.text)
    RTC_Set                                  0x0800340b   Thumb Code   188  rtc.o(.text)
    RTC_Init                                 0x080034c7   Thumb Code   188  rtc.o(.text)
    RTC_IRQHandler                           0x08003583   Thumb Code    56  rtc.o(.text)
    EXTIX_Init                               0x080035dd   Thumb Code   224  exti.o(.text)
    IWDG_Init                                0x080036bd   Thumb Code    36  iwdg.o(.text)
    IWDG_Feed                                0x080036e1   Thumb Code     8  iwdg.o(.text)
    delay_init                               0x080036e9   Thumb Code    50  delay.o(.text)
    delay_us                                 0x0800371b   Thumb Code    72  delay.o(.text)
    delay_ms                                 0x08003763   Thumb Code    72  delay.o(.text)
    _sys_exit                                0x080037bd   Thumb Code     6  usart.o(.text)
    fputc                                    0x080037c3   Thumb Code    24  usart.o(.text)
    uart_init                                0x080037db   Thumb Code   154  usart.o(.text)
    Reset_Handler                            0x0800387d   Thumb Code     8  startup_stm32f10x_md.o(.text)
    ADC1_2_IRQHandler                        0x08003897   Thumb Code     0  startup_stm32f10x_md.o(.text)
    CAN1_RX1_IRQHandler                      0x08003897   Thumb Code     0  startup_stm32f10x_md.o(.text)
    CAN1_SCE_IRQHandler                      0x08003897   Thumb Code     0  startup_stm32f10x_md.o(.text)
    DMA1_Channel1_IRQHandler                 0x08003897   Thumb Code     0  startup_stm32f10x_md.o(.text)
    DMA1_Channel2_IRQHandler                 0x08003897   Thumb Code     0  startup_stm32f10x_md.o(.text)
    DMA1_Channel3_IRQHandler                 0x08003897   Thumb Code     0  startup_stm32f10x_md.o(.text)
    DMA1_Channel4_IRQHandler                 0x08003897   Thumb Code     0  startup_stm32f10x_md.o(.text)
    DMA1_Channel5_IRQHandler                 0x08003897   Thumb Code     0  startup_stm32f10x_md.o(.text)
    DMA1_Channel6_IRQHandler                 0x08003897   Thumb Code     0  startup_stm32f10x_md.o(.text)
    DMA1_Channel7_IRQHandler                 0x08003897   Thumb Code     0  startup_stm32f10x_md.o(.text)
    EXTI1_IRQHandler                         0x08003897   Thumb Code     0  startup_stm32f10x_md.o(.text)
    EXTI2_IRQHandler                         0x08003897   Thumb Code     0  startup_stm32f10x_md.o(.text)
    EXTI3_IRQHandler                         0x08003897   Thumb Code     0  startup_stm32f10x_md.o(.text)
    EXTI4_IRQHandler                         0x08003897   Thumb Code     0  startup_stm32f10x_md.o(.text)
    FLASH_IRQHandler                         0x08003897   Thumb Code     0  startup_stm32f10x_md.o(.text)
    I2C1_ER_IRQHandler                       0x08003897   Thumb Code     0  startup_stm32f10x_md.o(.text)
    I2C1_EV_IRQHandler                       0x08003897   Thumb Code     0  startup_stm32f10x_md.o(.text)
    I2C2_ER_IRQHandler                       0x08003897   Thumb Code     0  startup_stm32f10x_md.o(.text)
    I2C2_EV_IRQHandler                       0x08003897   Thumb Code     0  startup_stm32f10x_md.o(.text)
    PVD_IRQHandler                           0x08003897   Thumb Code     0  startup_stm32f10x_md.o(.text)
    RCC_IRQHandler                           0x08003897   Thumb Code     0  startup_stm32f10x_md.o(.text)
    RTCAlarm_IRQHandler                      0x08003897   Thumb Code     0  startup_stm32f10x_md.o(.text)
    SPI1_IRQHandler                          0x08003897   Thumb Code     0  startup_stm32f10x_md.o(.text)
    SPI2_IRQHandler                          0x08003897   Thumb Code     0  startup_stm32f10x_md.o(.text)
    TAMPER_IRQHandler                        0x08003897   Thumb Code     0  startup_stm32f10x_md.o(.text)
    TIM1_BRK_IRQHandler                      0x08003897   Thumb Code     0  startup_stm32f10x_md.o(.text)
    TIM1_CC_IRQHandler                       0x08003897   Thumb Code     0  startup_stm32f10x_md.o(.text)
    TIM1_TRG_COM_IRQHandler                  0x08003897   Thumb Code     0  startup_stm32f10x_md.o(.text)
    TIM1_UP_IRQHandler                       0x08003897   Thumb Code     0  startup_stm32f10x_md.o(.text)
    TIM2_IRQHandler                          0x08003897   Thumb Code     0  startup_stm32f10x_md.o(.text)
    TIM4_IRQHandler                          0x08003897   Thumb Code     0  startup_stm32f10x_md.o(.text)
    USART1_IRQHandler                        0x08003897   Thumb Code     0  startup_stm32f10x_md.o(.text)
    USART3_IRQHandler                        0x08003897   Thumb Code     0  startup_stm32f10x_md.o(.text)
    USBWakeUp_IRQHandler                     0x08003897   Thumb Code     0  startup_stm32f10x_md.o(.text)
    USB_HP_CAN1_TX_IRQHandler                0x08003897   Thumb Code     0  startup_stm32f10x_md.o(.text)
    USB_LP_CAN1_RX0_IRQHandler               0x08003897   Thumb Code     0  startup_stm32f10x_md.o(.text)
    WWDG_IRQHandler                          0x08003897   Thumb Code     0  startup_stm32f10x_md.o(.text)
    __user_initial_stackheap                 0x08003899   Thumb Code     0  startup_stm32f10x_md.o(.text)
    GPIO_DeInit                              0x080038bd   Thumb Code   172  stm32f10x_gpio.o(.text)
    GPIO_AFIODeInit                          0x08003969   Thumb Code    20  stm32f10x_gpio.o(.text)
    GPIO_Init                                0x0800397d   Thumb Code   278  stm32f10x_gpio.o(.text)
    GPIO_StructInit                          0x08003a93   Thumb Code    16  stm32f10x_gpio.o(.text)
    GPIO_ReadInputDataBit                    0x08003aa3   Thumb Code    18  stm32f10x_gpio.o(.text)
    GPIO_ReadInputData                       0x08003ab5   Thumb Code     8  stm32f10x_gpio.o(.text)
    GPIO_ReadOutputDataBit                   0x08003abd   Thumb Code    18  stm32f10x_gpio.o(.text)
    GPIO_ReadOutputData                      0x08003acf   Thumb Code     8  stm32f10x_gpio.o(.text)
    GPIO_SetBits                             0x08003ad7   Thumb Code     4  stm32f10x_gpio.o(.text)
    GPIO_ResetBits                           0x08003adb   Thumb Code     4  stm32f10x_gpio.o(.text)
    GPIO_WriteBit                            0x08003adf   Thumb Code    10  stm32f10x_gpio.o(.text)
    GPIO_Write                               0x08003ae9   Thumb Code     4  stm32f10x_gpio.o(.text)
    GPIO_PinLockConfig                       0x08003aed   Thumb Code    18  stm32f10x_gpio.o(.text)
    GPIO_EventOutputConfig                   0x08003aff   Thumb Code    26  stm32f10x_gpio.o(.text)
    GPIO_EventOutputCmd                      0x08003b19   Thumb Code     6  stm32f10x_gpio.o(.text)
    GPIO_PinRemapConfig                      0x08003b1f   Thumb Code   138  stm32f10x_gpio.o(.text)
    GPIO_EXTILineConfig                      0x08003ba9   Thumb Code    66  stm32f10x_gpio.o(.text)
    GPIO_ETH_MediaInterfaceConfig            0x08003beb   Thumb Code     8  stm32f10x_gpio.o(.text)
    RCC_DeInit                               0x08003c19   Thumb Code    64  stm32f10x_rcc.o(.text)
    RCC_HSEConfig                            0x08003c59   Thumb Code    70  stm32f10x_rcc.o(.text)
    RCC_GetFlagStatus                        0x08003c9f   Thumb Code    56  stm32f10x_rcc.o(.text)
    RCC_WaitForHSEStartUp                    0x08003cd7   Thumb Code    56  stm32f10x_rcc.o(.text)
    RCC_AdjustHSICalibrationValue            0x08003d0f   Thumb Code    20  stm32f10x_rcc.o(.text)
    RCC_HSICmd                               0x08003d23   Thumb Code     6  stm32f10x_rcc.o(.text)
    RCC_PLLConfig                            0x08003d29   Thumb Code    24  stm32f10x_rcc.o(.text)
    RCC_PLLCmd                               0x08003d41   Thumb Code     6  stm32f10x_rcc.o(.text)
    RCC_SYSCLKConfig                         0x08003d47   Thumb Code    18  stm32f10x_rcc.o(.text)
    RCC_GetSYSCLKSource                      0x08003d59   Thumb Code    10  stm32f10x_rcc.o(.text)
    RCC_HCLKConfig                           0x08003d63   Thumb Code    18  stm32f10x_rcc.o(.text)
    RCC_PCLK1Config                          0x08003d75   Thumb Code    18  stm32f10x_rcc.o(.text)
    RCC_PCLK2Config                          0x08003d87   Thumb Code    20  stm32f10x_rcc.o(.text)
    RCC_ITConfig                             0x08003d9b   Thumb Code    26  stm32f10x_rcc.o(.text)
    RCC_USBCLKConfig                         0x08003db5   Thumb Code     8  stm32f10x_rcc.o(.text)
    RCC_ADCCLKConfig                         0x08003dbd   Thumb Code    18  stm32f10x_rcc.o(.text)
    RCC_LSEConfig                            0x08003dcf   Thumb Code    50  stm32f10x_rcc.o(.text)
    RCC_LSICmd                               0x08003e01   Thumb Code     6  stm32f10x_rcc.o(.text)
    RCC_RTCCLKConfig                         0x08003e07   Thumb Code    12  stm32f10x_rcc.o(.text)
    RCC_RTCCLKCmd                            0x08003e13   Thumb Code     8  stm32f10x_rcc.o(.text)
    RCC_GetClocksFreq                        0x08003e1b   Thumb Code   192  stm32f10x_rcc.o(.text)
    RCC_AHBPeriphClockCmd                    0x08003edb   Thumb Code    26  stm32f10x_rcc.o(.text)
    RCC_APB2PeriphClockCmd                   0x08003ef5   Thumb Code    26  stm32f10x_rcc.o(.text)
    RCC_APB1PeriphClockCmd                   0x08003f0f   Thumb Code    26  stm32f10x_rcc.o(.text)
    RCC_APB2PeriphResetCmd                   0x08003f29   Thumb Code    26  stm32f10x_rcc.o(.text)
    RCC_APB1PeriphResetCmd                   0x08003f43   Thumb Code    26  stm32f10x_rcc.o(.text)
    RCC_BackupResetCmd                       0x08003f5d   Thumb Code     8  stm32f10x_rcc.o(.text)
    RCC_ClockSecuritySystemCmd               0x08003f65   Thumb Code     6  stm32f10x_rcc.o(.text)
    RCC_MCOConfig                            0x08003f6b   Thumb Code     6  stm32f10x_rcc.o(.text)
    RCC_ClearFlag                            0x08003f71   Thumb Code    14  stm32f10x_rcc.o(.text)
    RCC_GetITStatus                          0x08003f7f   Thumb Code    20  stm32f10x_rcc.o(.text)
    RCC_ClearITPendingBit                    0x08003f93   Thumb Code     6  stm32f10x_rcc.o(.text)
    USART_DeInit                             0x08003fbd   Thumb Code   134  stm32f10x_usart.o(.text)
    USART_Init                               0x08004043   Thumb Code   210  stm32f10x_usart.o(.text)
    USART_StructInit                         0x08004115   Thumb Code    24  stm32f10x_usart.o(.text)
    USART_ClockInit                          0x0800412d   Thumb Code    34  stm32f10x_usart.o(.text)
    USART_ClockStructInit                    0x0800414f   Thumb Code    12  stm32f10x_usart.o(.text)
    USART_Cmd                                0x0800415b   Thumb Code    24  stm32f10x_usart.o(.text)
    USART_ITConfig                           0x08004173   Thumb Code    74  stm32f10x_usart.o(.text)
    USART_DMACmd                             0x080041bd   Thumb Code    18  stm32f10x_usart.o(.text)
    USART_SetAddress                         0x080041cf   Thumb Code    18  stm32f10x_usart.o(.text)
    USART_WakeUpConfig                       0x080041e1   Thumb Code    18  stm32f10x_usart.o(.text)
    USART_ReceiverWakeUpCmd                  0x080041f3   Thumb Code    24  stm32f10x_usart.o(.text)
    USART_LINBreakDetectLengthConfig         0x0800420b   Thumb Code    18  stm32f10x_usart.o(.text)
    USART_LINCmd                             0x0800421d   Thumb Code    24  stm32f10x_usart.o(.text)
    USART_SendData                           0x08004235   Thumb Code     8  stm32f10x_usart.o(.text)
    USART_ReceiveData                        0x0800423d   Thumb Code    10  stm32f10x_usart.o(.text)
    USART_SendBreak                          0x08004247   Thumb Code    10  stm32f10x_usart.o(.text)
    USART_SetGuardTime                       0x08004251   Thumb Code    16  stm32f10x_usart.o(.text)
    USART_SetPrescaler                       0x08004261   Thumb Code    16  stm32f10x_usart.o(.text)
    USART_SmartCardCmd                       0x08004271   Thumb Code    24  stm32f10x_usart.o(.text)
    USART_SmartCardNACKCmd                   0x08004289   Thumb Code    24  stm32f10x_usart.o(.text)
    USART_HalfDuplexCmd                      0x080042a1   Thumb Code    24  stm32f10x_usart.o(.text)
    USART_OverSampling8Cmd                   0x080042b9   Thumb Code    22  stm32f10x_usart.o(.text)
    USART_OneBitMethodCmd                    0x080042cf   Thumb Code    24  stm32f10x_usart.o(.text)
    USART_IrDAConfig                         0x080042e7   Thumb Code    18  stm32f10x_usart.o(.text)
    USART_IrDACmd                            0x080042f9   Thumb Code    24  stm32f10x_usart.o(.text)
    USART_GetFlagStatus                      0x08004311   Thumb Code    26  stm32f10x_usart.o(.text)
    USART_ClearFlag                          0x0800432b   Thumb Code    18  stm32f10x_usart.o(.text)
    USART_GetITStatus                        0x0800433d   Thumb Code    84  stm32f10x_usart.o(.text)
    USART_ClearITPendingBit                  0x08004391   Thumb Code    52  stm32f10x_usart.o(.text)
    NVIC_PriorityGroupConfig                 0x080043c5   Thumb Code    10  misc.o(.text)
    NVIC_Init                                0x080043cf   Thumb Code   100  misc.o(.text)
    NVIC_SetVectorTable                      0x08004433   Thumb Code    14  misc.o(.text)
    NVIC_SystemLPConfig                      0x08004441   Thumb Code    34  misc.o(.text)
    SysTick_CLKSourceConfig                  0x08004463   Thumb Code    40  misc.o(.text)
    ADC_DeInit                               0x080044a1   Thumb Code    78  stm32f10x_adc.o(.text)
    ADC_Init                                 0x080044ef   Thumb Code    70  stm32f10x_adc.o(.text)
    ADC_StructInit                           0x08004535   Thumb Code    18  stm32f10x_adc.o(.text)
    ADC_Cmd                                  0x08004547   Thumb Code    22  stm32f10x_adc.o(.text)
    ADC_DMACmd                               0x0800455d   Thumb Code    22  stm32f10x_adc.o(.text)
    ADC_ITConfig                             0x08004573   Thumb Code    24  stm32f10x_adc.o(.text)
    ADC_ResetCalibration                     0x0800458b   Thumb Code    10  stm32f10x_adc.o(.text)
    ADC_GetResetCalibrationStatus            0x08004595   Thumb Code    20  stm32f10x_adc.o(.text)
    ADC_StartCalibration                     0x080045a9   Thumb Code    10  stm32f10x_adc.o(.text)
    ADC_GetCalibrationStatus                 0x080045b3   Thumb Code    20  stm32f10x_adc.o(.text)
    ADC_SoftwareStartConvCmd                 0x080045c7   Thumb Code    22  stm32f10x_adc.o(.text)
    ADC_GetSoftwareStartConvStatus           0x080045dd   Thumb Code    20  stm32f10x_adc.o(.text)
    ADC_DiscModeChannelCountConfig           0x080045f1   Thumb Code    24  stm32f10x_adc.o(.text)
    ADC_DiscModeCmd                          0x08004609   Thumb Code    22  stm32f10x_adc.o(.text)
    ADC_RegularChannelConfig                 0x0800461f   Thumb Code   184  stm32f10x_adc.o(.text)
    ADC_ExternalTrigConvCmd                  0x080046d7   Thumb Code    22  stm32f10x_adc.o(.text)
    ADC_GetConversionValue                   0x080046ed   Thumb Code     8  stm32f10x_adc.o(.text)
    ADC_GetDualModeConversionValue           0x080046f5   Thumb Code     8  stm32f10x_adc.o(.text)
    ADC_AutoInjectedConvCmd                  0x080046fd   Thumb Code    22  stm32f10x_adc.o(.text)
    ADC_InjectedDiscModeCmd                  0x08004713   Thumb Code    22  stm32f10x_adc.o(.text)
    ADC_ExternalTrigInjectedConvConfig       0x08004729   Thumb Code    16  stm32f10x_adc.o(.text)
    ADC_ExternalTrigInjectedConvCmd          0x08004739   Thumb Code    22  stm32f10x_adc.o(.text)
    ADC_SoftwareStartInjectedConvCmd         0x0800474f   Thumb Code    22  stm32f10x_adc.o(.text)
    ADC_GetSoftwareStartInjectedConvCmdStatus 0x08004765   Thumb Code    20  stm32f10x_adc.o(.text)
    ADC_InjectedChannelConfig                0x08004779   Thumb Code   130  stm32f10x_adc.o(.text)
    ADC_InjectedSequencerLengthConfig        0x080047fb   Thumb Code    24  stm32f10x_adc.o(.text)
    ADC_SetInjectedOffset                    0x08004813   Thumb Code    20  stm32f10x_adc.o(.text)
    ADC_GetInjectedConversionValue           0x08004827   Thumb Code    28  stm32f10x_adc.o(.text)
    ADC_AnalogWatchdogCmd                    0x08004843   Thumb Code    16  stm32f10x_adc.o(.text)
    ADC_AnalogWatchdogThresholdsConfig       0x08004853   Thumb Code     6  stm32f10x_adc.o(.text)
    ADC_AnalogWatchdogSingleChannelConfig    0x08004859   Thumb Code    16  stm32f10x_adc.o(.text)
    ADC_TempSensorVrefintCmd                 0x08004869   Thumb Code    64  stm32f10x_adc.o(.text)
    ADC_GetFlagStatus                        0x080048a9   Thumb Code    18  stm32f10x_adc.o(.text)
    ADC_ClearFlag                            0x080048bb   Thumb Code     6  stm32f10x_adc.o(.text)
    ADC_GetITStatus                          0x080048c1   Thumb Code    36  stm32f10x_adc.o(.text)
    ADC_ClearITPendingBit                    0x080048e5   Thumb Code    10  stm32f10x_adc.o(.text)
    BKP_DeInit                               0x080048f1   Thumb Code    16  stm32f10x_bkp.o(.text)
    BKP_TamperPinLevelConfig                 0x08004901   Thumb Code     6  stm32f10x_bkp.o(.text)
    BKP_TamperPinCmd                         0x08004907   Thumb Code     8  stm32f10x_bkp.o(.text)
    BKP_ITConfig                             0x0800490f   Thumb Code     8  stm32f10x_bkp.o(.text)
    BKP_RTCOutputConfig                      0x08004917   Thumb Code    22  stm32f10x_bkp.o(.text)
    BKP_SetRTCCalibrationValue               0x0800492d   Thumb Code    22  stm32f10x_bkp.o(.text)
    BKP_WriteBackupRegister                  0x08004943   Thumb Code    24  stm32f10x_bkp.o(.text)
    BKP_ReadBackupRegister                   0x0800495b   Thumb Code    26  stm32f10x_bkp.o(.text)
    BKP_GetFlagStatus                        0x08004975   Thumb Code    10  stm32f10x_bkp.o(.text)
    BKP_ClearFlag                            0x0800497f   Thumb Code    18  stm32f10x_bkp.o(.text)
    BKP_GetITStatus                          0x08004991   Thumb Code    10  stm32f10x_bkp.o(.text)
    BKP_ClearITPendingBit                    0x0800499b   Thumb Code    18  stm32f10x_bkp.o(.text)
    PWR_DeInit                               0x080049b5   Thumb Code    22  stm32f10x_pwr.o(.text)
    PWR_BackupAccessCmd                      0x080049cb   Thumb Code     6  stm32f10x_pwr.o(.text)
    PWR_PVDCmd                               0x080049d1   Thumb Code     6  stm32f10x_pwr.o(.text)
    PWR_PVDLevelConfig                       0x080049d7   Thumb Code    18  stm32f10x_pwr.o(.text)
    PWR_WakeUpPinCmd                         0x080049e9   Thumb Code     8  stm32f10x_pwr.o(.text)
    PWR_EnterSTOPMode                        0x080049f1   Thumb Code    54  stm32f10x_pwr.o(.text)
    PWR_EnterSTANDBYMode                     0x08004a27   Thumb Code    42  stm32f10x_pwr.o(.text)
    PWR_GetFlagStatus                        0x08004a51   Thumb Code    20  stm32f10x_pwr.o(.text)
    PWR_ClearFlag                            0x08004a65   Thumb Code    14  stm32f10x_pwr.o(.text)
    RTC_ITConfig                             0x08004a81   Thumb Code    26  stm32f10x_rtc.o(.text)
    RTC_EnterConfigMode                      0x08004a9b   Thumb Code    18  stm32f10x_rtc.o(.text)
    RTC_ExitConfigMode                       0x08004aad   Thumb Code    20  stm32f10x_rtc.o(.text)
    RTC_GetCounter                           0x08004ac1   Thumb Code    18  stm32f10x_rtc.o(.text)
    RTC_SetCounter                           0x08004ad3   Thumb Code    26  stm32f10x_rtc.o(.text)
    RTC_SetPrescaler                         0x08004aed   Thumb Code    28  stm32f10x_rtc.o(.text)
    RTC_SetAlarm                             0x08004b09   Thumb Code    26  stm32f10x_rtc.o(.text)
    RTC_GetDivider                           0x08004b23   Thumb Code    22  stm32f10x_rtc.o(.text)
    RTC_WaitForLastTask                      0x08004b39   Thumb Code    18  stm32f10x_rtc.o(.text)
    RTC_WaitForSynchro                       0x08004b4b   Thumb Code    36  stm32f10x_rtc.o(.text)
    RTC_GetFlagStatus                        0x08004b6f   Thumb Code    22  stm32f10x_rtc.o(.text)
    RTC_ClearFlag                            0x08004b85   Thumb Code    16  stm32f10x_rtc.o(.text)
    RTC_GetITStatus                          0x08004b95   Thumb Code    32  stm32f10x_rtc.o(.text)
    RTC_ClearITPendingBit                    0x08004bb5   Thumb Code    16  stm32f10x_rtc.o(.text)
    SPI_I2S_DeInit                           0x08004bc9   Thumb Code    76  stm32f10x_spi.o(.text)
    SPI_Init                                 0x08004c15   Thumb Code    60  stm32f10x_spi.o(.text)
    I2S_Init                                 0x08004c51   Thumb Code   226  stm32f10x_spi.o(.text)
    SPI_StructInit                           0x08004d33   Thumb Code    24  stm32f10x_spi.o(.text)
    I2S_StructInit                           0x08004d4b   Thumb Code    20  stm32f10x_spi.o(.text)
    SPI_Cmd                                  0x08004d5f   Thumb Code    24  stm32f10x_spi.o(.text)
    I2S_Cmd                                  0x08004d77   Thumb Code    24  stm32f10x_spi.o(.text)
    SPI_I2S_ITConfig                         0x08004d8f   Thumb Code    32  stm32f10x_spi.o(.text)
    SPI_I2S_DMACmd                           0x08004daf   Thumb Code    18  stm32f10x_spi.o(.text)
    SPI_I2S_SendData                         0x08004dc1   Thumb Code     4  stm32f10x_spi.o(.text)
    SPI_I2S_ReceiveData                      0x08004dc5   Thumb Code     6  stm32f10x_spi.o(.text)
    SPI_NSSInternalSoftwareConfig            0x08004dcb   Thumb Code    30  stm32f10x_spi.o(.text)
    SPI_SSOutputCmd                          0x08004de9   Thumb Code    24  stm32f10x_spi.o(.text)
    SPI_DataSizeConfig                       0x08004e01   Thumb Code    18  stm32f10x_spi.o(.text)
    SPI_TransmitCRC                          0x08004e13   Thumb Code    10  stm32f10x_spi.o(.text)
    SPI_CalculateCRC                         0x08004e1d   Thumb Code    24  stm32f10x_spi.o(.text)
    SPI_GetCRC                               0x08004e35   Thumb Code    16  stm32f10x_spi.o(.text)
    SPI_GetCRCPolynomial                     0x08004e45   Thumb Code     6  stm32f10x_spi.o(.text)
    SPI_BiDirectionalLineConfig              0x08004e4b   Thumb Code    28  stm32f10x_spi.o(.text)
    SPI_I2S_GetFlagStatus                    0x08004e67   Thumb Code    18  stm32f10x_spi.o(.text)
    SPI_I2S_ClearFlag                        0x08004e79   Thumb Code     6  stm32f10x_spi.o(.text)
    SPI_I2S_GetITStatus                      0x08004e7f   Thumb Code    52  stm32f10x_spi.o(.text)
    SPI_I2S_ClearITPendingBit                0x08004eb3   Thumb Code    20  stm32f10x_spi.o(.text)
    TIM_DeInit                               0x08004ed5   Thumb Code   424  stm32f10x_tim.o(.text)
    TIM_TimeBaseInit                         0x0800507d   Thumb Code   122  stm32f10x_tim.o(.text)
    TIM_OC1Init                              0x080050f7   Thumb Code   132  stm32f10x_tim.o(.text)
    TIM_OC2Init                              0x0800517b   Thumb Code   154  stm32f10x_tim.o(.text)
    TIM_OC3Init                              0x08005215   Thumb Code   150  stm32f10x_tim.o(.text)
    TIM_OC4Init                              0x080052ab   Thumb Code   182  stm32f10x_tim.o(.text)
    TIM_SetIC4Prescaler                      0x08005361   Thumb Code    26  stm32f10x_tim.o(.text)
    TIM_SetIC3Prescaler                      0x080053fd   Thumb Code    18  stm32f10x_tim.o(.text)
    TIM_SetIC2Prescaler                      0x08005489   Thumb Code    26  stm32f10x_tim.o(.text)
    TIM_SetIC1Prescaler                      0x08005525   Thumb Code    18  stm32f10x_tim.o(.text)
    TIM_ICInit                               0x080055a3   Thumb Code   150  stm32f10x_tim.o(.text)
    TIM_PWMIConfig                           0x08005639   Thumb Code   124  stm32f10x_tim.o(.text)
    TIM_BDTRConfig                           0x080056b5   Thumb Code    32  stm32f10x_tim.o(.text)
    TIM_TimeBaseStructInit                   0x080056d5   Thumb Code    18  stm32f10x_tim.o(.text)
    TIM_OCStructInit                         0x080056e7   Thumb Code    20  stm32f10x_tim.o(.text)
    TIM_ICStructInit                         0x080056fb   Thumb Code    18  stm32f10x_tim.o(.text)
    TIM_BDTRStructInit                       0x0800570d   Thumb Code    40  stm32f10x_tim.o(.text)
    TIM_Cmd                                  0x08005735   Thumb Code    24  stm32f10x_tim.o(.text)
    TIM_CtrlPWMOutputs                       0x0800574d   Thumb Code    30  stm32f10x_tim.o(.text)
    TIM_ITConfig                             0x0800576b   Thumb Code    18  stm32f10x_tim.o(.text)
    TIM_GenerateEvent                        0x0800577d   Thumb Code     4  stm32f10x_tim.o(.text)
    TIM_DMAConfig                            0x08005781   Thumb Code    10  stm32f10x_tim.o(.text)
    TIM_DMACmd                               0x0800578b   Thumb Code    18  stm32f10x_tim.o(.text)
    TIM_InternalClockConfig                  0x0800579d   Thumb Code    12  stm32f10x_tim.o(.text)
    TIM_SelectInputTrigger                   0x080057a9   Thumb Code    18  stm32f10x_tim.o(.text)
    TIM_ITRxExternalClockConfig              0x080057bb   Thumb Code    24  stm32f10x_tim.o(.text)
    TIM_TIxExternalClockConfig               0x080057d3   Thumb Code    62  stm32f10x_tim.o(.text)
    TIM_ETRConfig                            0x08005811   Thumb Code    28  stm32f10x_tim.o(.text)
    TIM_ETRClockMode1Config                  0x0800582d   Thumb Code    54  stm32f10x_tim.o(.text)
    TIM_ETRClockMode2Config                  0x08005863   Thumb Code    32  stm32f10x_tim.o(.text)
    TIM_PrescalerConfig                      0x08005883   Thumb Code     6  stm32f10x_tim.o(.text)
    TIM_CounterModeConfig                    0x08005889   Thumb Code    18  stm32f10x_tim.o(.text)
    TIM_EncoderInterfaceConfig               0x0800589b   Thumb Code    66  stm32f10x_tim.o(.text)
    TIM_ForcedOC1Config                      0x080058dd   Thumb Code    18  stm32f10x_tim.o(.text)
    TIM_ForcedOC2Config                      0x080058ef   Thumb Code    26  stm32f10x_tim.o(.text)
    TIM_ForcedOC3Config                      0x08005909   Thumb Code    18  stm32f10x_tim.o(.text)
    TIM_ForcedOC4Config                      0x0800591b   Thumb Code    26  stm32f10x_tim.o(.text)
    TIM_ARRPreloadConfig                     0x08005935   Thumb Code    24  stm32f10x_tim.o(.text)
    TIM_SelectCOM                            0x0800594d   Thumb Code    24  stm32f10x_tim.o(.text)
    TIM_SelectCCDMA                          0x08005965   Thumb Code    24  stm32f10x_tim.o(.text)
    TIM_CCPreloadControl                     0x0800597d   Thumb Code    24  stm32f10x_tim.o(.text)
    TIM_OC1PreloadConfig                     0x08005995   Thumb Code    18  stm32f10x_tim.o(.text)
    TIM_OC2PreloadConfig                     0x080059a7   Thumb Code    26  stm32f10x_tim.o(.text)
    TIM_OC3PreloadConfig                     0x080059c1   Thumb Code    18  stm32f10x_tim.o(.text)
    TIM_OC4PreloadConfig                     0x080059d3   Thumb Code    26  stm32f10x_tim.o(.text)
    TIM_OC1FastConfig                        0x080059ed   Thumb Code    18  stm32f10x_tim.o(.text)
    TIM_OC2FastConfig                        0x080059ff   Thumb Code    26  stm32f10x_tim.o(.text)
    TIM_OC3FastConfig                        0x08005a19   Thumb Code    18  stm32f10x_tim.o(.text)
    TIM_OC4FastConfig                        0x08005a2b   Thumb Code    26  stm32f10x_tim.o(.text)
    TIM_ClearOC1Ref                          0x08005a45   Thumb Code    18  stm32f10x_tim.o(.text)
    TIM_ClearOC2Ref                          0x08005a57   Thumb Code    24  stm32f10x_tim.o(.text)
    TIM_ClearOC3Ref                          0x08005a6f   Thumb Code    18  stm32f10x_tim.o(.text)
    TIM_ClearOC4Ref                          0x08005a81   Thumb Code    24  stm32f10x_tim.o(.text)
    TIM_OC1PolarityConfig                    0x08005a99   Thumb Code    18  stm32f10x_tim.o(.text)
    TIM_OC1NPolarityConfig                   0x08005aab   Thumb Code    18  stm32f10x_tim.o(.text)
    TIM_OC2PolarityConfig                    0x08005abd   Thumb Code    26  stm32f10x_tim.o(.text)
    TIM_OC2NPolarityConfig                   0x08005ad7   Thumb Code    26  stm32f10x_tim.o(.text)
    TIM_OC3PolarityConfig                    0x08005af1   Thumb Code    26  stm32f10x_tim.o(.text)
    TIM_OC3NPolarityConfig                   0x08005b0b   Thumb Code    26  stm32f10x_tim.o(.text)
    TIM_OC4PolarityConfig                    0x08005b25   Thumb Code    26  stm32f10x_tim.o(.text)
    TIM_CCxCmd                               0x08005b3f   Thumb Code    30  stm32f10x_tim.o(.text)
    TIM_CCxNCmd                              0x08005b5d   Thumb Code    30  stm32f10x_tim.o(.text)
    TIM_SelectOCxM                           0x08005b7b   Thumb Code    82  stm32f10x_tim.o(.text)
    TIM_UpdateDisableConfig                  0x08005bcd   Thumb Code    24  stm32f10x_tim.o(.text)
    TIM_UpdateRequestConfig                  0x08005be5   Thumb Code    24  stm32f10x_tim.o(.text)
    TIM_SelectHallSensor                     0x08005bfd   Thumb Code    24  stm32f10x_tim.o(.text)
    TIM_SelectOnePulseMode                   0x08005c15   Thumb Code    18  stm32f10x_tim.o(.text)
    TIM_SelectOutputTrigger                  0x08005c27   Thumb Code    18  stm32f10x_tim.o(.text)
    TIM_SelectSlaveMode                      0x08005c39   Thumb Code    18  stm32f10x_tim.o(.text)
    TIM_SelectMasterSlaveMode                0x08005c4b   Thumb Code    18  stm32f10x_tim.o(.text)
    TIM_SetCounter                           0x08005c5d   Thumb Code     4  stm32f10x_tim.o(.text)
    TIM_SetAutoreload                        0x08005c61   Thumb Code     4  stm32f10x_tim.o(.text)
    TIM_SetCompare1                          0x08005c65   Thumb Code     4  stm32f10x_tim.o(.text)
    TIM_SetCompare2                          0x08005c69   Thumb Code     4  stm32f10x_tim.o(.text)
    TIM_SetCompare3                          0x08005c6d   Thumb Code     4  stm32f10x_tim.o(.text)
    TIM_SetCompare4                          0x08005c71   Thumb Code     6  stm32f10x_tim.o(.text)
    TIM_SetClockDivision                     0x08005c77   Thumb Code    18  stm32f10x_tim.o(.text)
    TIM_GetCapture1                          0x08005c89   Thumb Code     6  stm32f10x_tim.o(.text)
    TIM_GetCapture2                          0x08005c8f   Thumb Code     6  stm32f10x_tim.o(.text)
    TIM_GetCapture3                          0x08005c95   Thumb Code     6  stm32f10x_tim.o(.text)
    TIM_GetCapture4                          0x08005c9b   Thumb Code     8  stm32f10x_tim.o(.text)
    TIM_GetCounter                           0x08005ca3   Thumb Code     6  stm32f10x_tim.o(.text)
    TIM_GetPrescaler                         0x08005ca9   Thumb Code     6  stm32f10x_tim.o(.text)
    TIM_GetFlagStatus                        0x08005caf   Thumb Code    18  stm32f10x_tim.o(.text)
    TIM_ClearFlag                            0x08005cc1   Thumb Code     6  stm32f10x_tim.o(.text)
    TIM_GetITStatus                          0x08005cc7   Thumb Code    34  stm32f10x_tim.o(.text)
    TIM_ClearITPendingBit                    0x08005ce9   Thumb Code     6  stm32f10x_tim.o(.text)
    EXTI_DeInit                              0x08005cf1   Thumb Code    28  stm32f10x_exti.o(.text)
    EXTI_Init                                0x08005d0d   Thumb Code   142  stm32f10x_exti.o(.text)
    EXTI_StructInit                          0x08005d9b   Thumb Code    16  stm32f10x_exti.o(.text)
    EXTI_GenerateSWInterrupt                 0x08005dab   Thumb Code    16  stm32f10x_exti.o(.text)
    EXTI_GetFlagStatus                       0x08005dbb   Thumb Code    22  stm32f10x_exti.o(.text)
    EXTI_ClearFlag                           0x08005dd1   Thumb Code     8  stm32f10x_exti.o(.text)
    EXTI_GetITStatus                         0x08005dd9   Thumb Code    34  stm32f10x_exti.o(.text)
    EXTI_ClearITPendingBit                   0x08005dfb   Thumb Code     8  stm32f10x_exti.o(.text)
    IWDG_WriteAccessCmd                      0x08005e0d   Thumb Code     6  stm32f10x_iwdg.o(.text)
    IWDG_SetPrescaler                        0x08005e13   Thumb Code     6  stm32f10x_iwdg.o(.text)
    IWDG_SetReload                           0x08005e19   Thumb Code     6  stm32f10x_iwdg.o(.text)
    IWDG_ReloadCounter                       0x08005e1f   Thumb Code    10  stm32f10x_iwdg.o(.text)
    IWDG_Enable                              0x08005e29   Thumb Code    10  stm32f10x_iwdg.o(.text)
    IWDG_GetFlagStatus                       0x08005e33   Thumb Code    20  stm32f10x_iwdg.o(.text)
    LCD_BGR2RGB                              0x08005e4d   Thumb Code    26  gui.o(.text)
    Gui_Circle                               0x08005e67   Thumb Code   300  gui.o(.text)
    Gui_DrawLine                             0x08005f93   Thumb Code   186  gui.o(.text)
    Gui_box                                  0x0800604d   Thumb Code   188  gui.o(.text)
    Gui_box2                                 0x08006109   Thumb Code   386  gui.o(.text)
    DisplayButtonDown                        0x0800628b   Thumb Code   130  gui.o(.text)
    DisplayButtonUp                          0x0800630d   Thumb Code   130  gui.o(.text)
    Gui_DrawFont_GBK16                       0x0800638f   Thumb Code   344  gui.o(.text)
    Gui_DrawFont_GBK24                       0x080064e7   Thumb Code   486  gui.o(.text)
    Gui_DrawFont_Num32                       0x080066cd   Thumb Code   124  gui.o(.text)
    LCD_GPIO_Init                            0x08006759   Thumb Code    40  lcd_driver.o(.text)
    SPIv_WriteData                           0x08006781   Thumb Code    62  lcd_driver.o(.text)
    SPI_WriteByte                            0x080067bf   Thumb Code    34  lcd_driver.o(.text)
    SPI_SetSpeed                             0x080067e1   Thumb Code    38  lcd_driver.o(.text)
    SPI2_Init                                0x08006807   Thumb Code   188  lcd_driver.o(.text)
    Lcd_WriteIndex                           0x080068c3   Thumb Code    34  lcd_driver.o(.text)
    Lcd_WriteData                            0x080068e5   Thumb Code    36  lcd_driver.o(.text)
    Lcd_WriteData_16Bit                      0x08006909   Thumb Code    18  lcd_driver.o(.text)
    LCD_WriteReg                             0x0800691b   Thumb Code    20  lcd_driver.o(.text)
    Lcd_Reset                                0x0800692f   Thumb Code    32  lcd_driver.o(.text)
    Lcd_Init                                 0x0800694f   Thumb Code   494  lcd_driver.o(.text)
    Lcd_SetXY                                0x08006b3d   Thumb Code    44  lcd_driver.o(.text)
    Lcd_SetRegion                            0x08006b69   Thumb Code    66  lcd_driver.o(.text)
    Gui_DrawPoint                            0x08006bab   Thumb Code    24  lcd_driver.o(.text)
    Lcd_Clear                                0x08006bc3   Thumb Code    44  lcd_driver.o(.text)
    __use_no_semihosting                     0x08006bef   Thumb Code     2  use_no_semi_2.o(.text)
    __2printf                                0x08006bf1   Thumb Code    20  noretval__2printf.o(.text)
    __2sprintf                               0x08006c09   Thumb Code    34  noretval__2sprintf.o(.text)
    _printf_pre_padding                      0x08006c31   Thumb Code    44  _printf_pad.o(.text)
    _printf_post_padding                     0x08006c5d   Thumb Code    34  _printf_pad.o(.text)
    _printf_int_dec                          0x08006c81   Thumb Code   104  _printf_dec.o(.text)
    __printf                                 0x08006cf9   Thumb Code   270  __printf_wp.o(.text)
    __0sscanf                                0x08006e09   Thumb Code    52  __0sscanf.o(.text)
    _scanf_int                               0x08006e45   Thumb Code   332  _scanf_int.o(.text)
    strtok                                   0x08006f91   Thumb Code     6  strtok.o(.text)
    strcpy                                   0x08006f9d   Thumb Code    72  strcpy.o(.text)
    strlen                                   0x08006fe5   Thumb Code    62  strlen.o(.text)
    strncmp                                  0x08007023   Thumb Code   150  strncmp.o(.text)
    __use_two_region_memory                  0x080070b9   Thumb Code     2  heapauxi.o(.text)
    __rt_heap_escrow$2region                 0x080070bb   Thumb Code     2  heapauxi.o(.text)
    __rt_heap_expand$2region                 0x080070bd   Thumb Code     2  heapauxi.o(.text)
    __I$use$semihosting                      0x080070bf   Thumb Code     0  use_no_semi.o(.text)
    __use_no_semihosting_swi                 0x080070bf   Thumb Code     2  use_no_semi.o(.text)
    __read_errno                             0x080070c1   Thumb Code    10  _rserrno.o(.text)
    __set_errno                              0x080070cb   Thumb Code    12  _rserrno.o(.text)
    _printf_int_common                       0x080070d7   Thumb Code   178  _printf_intcommon.o(.text)
    __lib_sel_fp_printf                      0x08007189   Thumb Code     2  _printf_fp_dec.o(.text)
    _printf_fp_dec_real                      0x08007337   Thumb Code   620  _printf_fp_dec.o(.text)
    _printf_char_common                      0x080075af   Thumb Code    32  _printf_char_common.o(.text)
    _sputc                                   0x080075d5   Thumb Code    10  _sputc.o(.text)
    _printf_char_file                        0x080075e1   Thumb Code    32  _printf_char_file.o(.text)
    _chval                                   0x08007605   Thumb Code    28  _chval.o(.text)
    __vfscanf_char                           0x0800762d   Thumb Code    24  scanf_char.o(.text)
    _sgetc                                   0x0800764d   Thumb Code    30  _sgetc.o(.text)
    _sbackspace                              0x0800766b   Thumb Code    34  _sgetc.o(.text)
    __strtok_internal                        0x0800768d   Thumb Code    64  strtok_int.o(.text)
    __rt_locale                              0x080076d1   Thumb Code     8  rt_locale_intlibspace.o(.text)
    __aeabi_errno_addr                       0x080076d9   Thumb Code     8  rt_errno_addr_intlibspace.o(.text)
    __errno$intlibspace                      0x080076d9   Thumb Code     0  rt_errno_addr_intlibspace.o(.text)
    __rt_errno_addr$intlibspace              0x080076d9   Thumb Code     0  rt_errno_addr_intlibspace.o(.text)
    _ll_udiv10                               0x080076e1   Thumb Code   138  lludiv10.o(.text)
    isspace                                  0x0800776b   Thumb Code    18  isspace.o(.text)
    _printf_fp_infnan                        0x0800777d   Thumb Code   112  _printf_fp_infnan.o(.text)
    __vfscanf                                0x080077fd   Thumb Code   878  _scanf.o(.text)
    _btod_etento                             0x08007b71   Thumb Code   216  bigflt0.o(.text)
    ferror                                   0x08007c4d   Thumb Code     8  ferror.o(.text)
    strcspn                                  0x08007c55   Thumb Code    32  strcspn.o(.text)
    strspn                                   0x08007c75   Thumb Code    28  strspn.o(.text)
    __user_libspace                          0x08007c91   Thumb Code     8  libspace.o(.text)
    __user_perproc_libspace                  0x08007c91   Thumb Code     0  libspace.o(.text)
    __user_perthread_libspace                0x08007c91   Thumb Code     0  libspace.o(.text)
    __user_setup_stackheap                   0x08007c99   Thumb Code    74  sys_stackheap_outer.o(.text)
    __rt_ctype_table                         0x08007ce5   Thumb Code    16  rt_ctype_table.o(.text)
    exit                                     0x08007cf5   Thumb Code    12  exit.o(.text)
    strcmp                                   0x08007d01   Thumb Code   128  strcmpv7m.o(.text)
    _btod_d2e                                0x08007d81   Thumb Code    62  btod.o(CL$$btod_d2e)
    _d2e_denorm_low                          0x08007dbf   Thumb Code    70  btod.o(CL$$btod_d2e_denorm_low)
    _d2e_norm_op1                            0x08007e05   Thumb Code    96  btod.o(CL$$btod_d2e_norm_op1)
    __btod_div_common                        0x08007e65   Thumb Code   696  btod.o(CL$$btod_div_common)
    _e2e                                     0x0800819d   Thumb Code   198  btod.o(CL$$btod_e2e)
    _btod_ediv                               0x08008263   Thumb Code    40  btod.o(CL$$btod_ediv)
    _btod_emul                               0x0800828b   Thumb Code    40  btod.o(CL$$btod_emul)
    __btod_mult_common                       0x080082b3   Thumb Code   580  btod.o(CL$$btod_mult_common)
    __ARM_fpclassify                         0x080084f7   Thumb Code    40  fpclassify.o(i.__ARM_fpclassify)
    __kernel_poly                            0x0800851f   Thumb Code   170  poly.o(i.__kernel_poly)
    __mathlib_dbl_divzero                    0x080085c9   Thumb Code    12  dunder.o(i.__mathlib_dbl_divzero)
    __mathlib_dbl_infnan                     0x080085d9   Thumb Code     6  dunder.o(i.__mathlib_dbl_infnan)
    __mathlib_dbl_invalid                    0x080085df   Thumb Code    12  dunder.o(i.__mathlib_dbl_invalid)
    _is_digit                                0x080085eb   Thumb Code    14  __printf_wp.o(i._is_digit)
    log                                      0x080085f9   Thumb Code   808  log.o(i.log)
    log10                                    0x08008955   Thumb Code   198  log10.o(i.log10)
    _get_lc_numeric                          0x08008a39   Thumb Code    44  lc_numeric_c.o(locale$$code)
    _get_lc_ctype                            0x08008a65   Thumb Code    44  lc_ctype_c.o(locale$$code)
    __aeabi_d2f                              0x08008a91   Thumb Code     0  d2f.o(x$fpl$d2f)
    _d2f                                     0x08008a91   Thumb Code    98  d2f.o(x$fpl$d2f)
    __aeabi_dadd                             0x08008af5   Thumb Code     0  daddsub_clz.o(x$fpl$dadd)
    _dadd                                    0x08008af5   Thumb Code   332  daddsub_clz.o(x$fpl$dadd)
    __fpl_dcheck_NaN1                        0x08008c45   Thumb Code    10  dcheck1.o(x$fpl$dcheck1)
    __fpl_dcmp_Inf                           0x08008c55   Thumb Code    24  dcmpi.o(x$fpl$dcmpinf)
    __aeabi_ddiv                             0x08008c6d   Thumb Code     0  ddiv.o(x$fpl$ddiv)
    _ddiv                                    0x08008c6d   Thumb Code   552  ddiv.o(x$fpl$ddiv)
    __aeabi_cdcmpeq                          0x08008f1d   Thumb Code     0  deqf.o(x$fpl$deqf)
    _dcmpeq                                  0x08008f1d   Thumb Code   120  deqf.o(x$fpl$deqf)
    __aeabi_d2iz                             0x08008f95   Thumb Code     0  dfix.o(x$fpl$dfix)
    _dfix                                    0x08008f95   Thumb Code    94  dfix.o(x$fpl$dfix)
    __aeabi_i2d                              0x08008ff3   Thumb Code     0  dflt_clz.o(x$fpl$dflt)
    _dflt                                    0x08008ff3   Thumb Code    46  dflt_clz.o(x$fpl$dflt)
    __aeabi_cdcmple                          0x08009021   Thumb Code     0  dleqf.o(x$fpl$dleqf)
    _dcmple                                  0x08009021   Thumb Code   120  dleqf.o(x$fpl$dleqf)
    __fpl_dcmple_InfNaN                      0x08009083   Thumb Code     0  dleqf.o(x$fpl$dleqf)
    __aeabi_dmul                             0x08009099   Thumb Code     0  dmul.o(x$fpl$dmul)
    _dmul                                    0x08009099   Thumb Code   332  dmul.o(x$fpl$dmul)
    __fpl_dnaninf                            0x080091ed   Thumb Code   156  dnaninf.o(x$fpl$dnaninf)
    __fpl_dretinf                            0x08009289   Thumb Code    12  dretinf.o(x$fpl$dretinf)
    __aeabi_cdrcmple                         0x08009295   Thumb Code     0  drleqf.o(x$fpl$drleqf)
    _drcmple                                 0x08009295   Thumb Code   108  drleqf.o(x$fpl$drleqf)
    __aeabi_drsub                            0x08009301   Thumb Code     0  daddsub_clz.o(x$fpl$drsb)
    _drsb                                    0x08009301   Thumb Code    22  daddsub_clz.o(x$fpl$drsb)
    __aeabi_dsub                             0x08009319   Thumb Code     0  daddsub_clz.o(x$fpl$dsub)
    _dsub                                    0x08009319   Thumb Code   464  daddsub_clz.o(x$fpl$dsub)
    __aeabi_f2d                              0x080094ed   Thumb Code     0  f2d.o(x$fpl$f2d)
    _f2d                                     0x080094ed   Thumb Code    86  f2d.o(x$fpl$f2d)
    __aeabi_fadd                             0x08009545   Thumb Code     0  faddsub_clz.o(x$fpl$fadd)
    _fadd                                    0x08009545   Thumb Code   196  faddsub_clz.o(x$fpl$fadd)
    __fpl_fcmp_Inf                           0x08009609   Thumb Code    24  fcmpi.o(x$fpl$fcmpinf)
    __aeabi_fdiv                             0x08009621   Thumb Code     0  fdiv.o(x$fpl$fdiv)
    _fdiv                                    0x08009621   Thumb Code   384  fdiv.o(x$fpl$fdiv)
    __aeabi_f2iz                             0x080097a5   Thumb Code     0  ffix.o(x$fpl$ffix)
    _ffix                                    0x080097a5   Thumb Code    54  ffix.o(x$fpl$ffix)
    __aeabi_i2f                              0x080097dd   Thumb Code     0  fflt_clz.o(x$fpl$fflt)
    _fflt                                    0x080097dd   Thumb Code    48  fflt_clz.o(x$fpl$fflt)
    __aeabi_ui2f                             0x0800980d   Thumb Code     0  fflt_clz.o(x$fpl$ffltu)
    _ffltu                                   0x0800980d   Thumb Code    38  fflt_clz.o(x$fpl$ffltu)
    __aeabi_cfcmple                          0x08009835   Thumb Code     0  fleqf.o(x$fpl$fleqf)
    _fcmple                                  0x08009835   Thumb Code   104  fleqf.o(x$fpl$fleqf)
    __fpl_fcmple_InfNaN                      0x08009887   Thumb Code     0  fleqf.o(x$fpl$fleqf)
    __aeabi_fmul                             0x0800989d   Thumb Code     0  fmul.o(x$fpl$fmul)
    _fmul                                    0x0800989d   Thumb Code   258  fmul.o(x$fpl$fmul)
    __fpl_fnaninf                            0x0800999f   Thumb Code   140  fnaninf.o(x$fpl$fnaninf)
    __fpl_fretinf                            0x08009a2b   Thumb Code    10  fretinf.o(x$fpl$fretinf)
    __aeabi_cfrcmple                         0x08009a35   Thumb Code     0  frleqf.o(x$fpl$frleqf)
    _frcmple                                 0x08009a35   Thumb Code    98  frleqf.o(x$fpl$frleqf)
    __aeabi_fsub                             0x08009a99   Thumb Code     0  faddsub_clz.o(x$fpl$fsub)
    _fsub                                    0x08009a99   Thumb Code   234  faddsub_clz.o(x$fpl$fsub)
    _printf_fp_dec                           0x08009b83   Thumb Code     4  printf1.o(x$fpl$printf1)
    __fpl_return_NaN                         0x08009b87   Thumb Code   100  retnan.o(x$fpl$retnan)
    __ARM_scalbn                             0x08009beb   Thumb Code    92  scalbn.o(x$fpl$scalbn)
    __fpl_cmpreturn                          0x08009c47   Thumb Code    48  trapv.o(x$fpl$trapveneer)
    Instructions                             0x08009c76   Data         360  main.o(.constdata)
    __I$use$fp                               0x08009c76   Number         0  usenofp.o(x$fpl$usenofp)
    table_week                               0x08009dde   Data          12  rtc.o(.constdata)
    mon_table                                0x08009dea   Data          12  rtc.o(.constdata)
    asc16                                    0x08009df6   Data        1521  gui.o(.constdata)
    sz32                                     0x0800a3e7   Data        1921  gui.o(.constdata)
    hz16                                     0x0800ab68   Data        1904  gui.o(.constdata)
    hz24                                     0x0800b2d8   Data        1406  gui.o(.constdata)
    __mathlib_zero                           0x0800b928   Data           8  qnan.o(.constdata)
    Region$$Table$$Base                      0x0800b930   Number         0  anon$$obj.o(Region$$Table)
    Region$$Table$$Limit                     0x0800b950   Number         0  anon$$obj.o(Region$$Table)
    __ctype                                  0x0800b979   Data           0  lc_ctype_c.o(locale$$data)
    SoilHumidityThreshold                    0x20000000   Data           4  main.o(.data)
    illuminationThreshold                    0x20000004   Data           4  main.o(.data)
    ServoAngle                               0x20000008   Data           4  main.o(.data)
    USARTReceiveLength                       0x2000000c   Data           1  main.o(.data)
    colorstr                                 0x2000000d   Data           7  main.o(.data)
    colorStr                                 0x20000014   Data           4  main.o(.data)
    colorNum                                 0x20000018   Data           4  main.o(.data)
    oldColorNum                              0x2000001c   Data           4  main.o(.data)
    timestrbuf                               0x20000020   Data           4  main.o(.data)
    tempbuf                                  0x20000024   Data           4  main.o(.data)
    tempStr                                  0x20000028   Data           5  main.o(.data)
    isPhoneControl                           0x2000002d   Data           1  main.o(.data)
    wifiIsConnected                          0x2000002e   Data           1  main.o(.data)
    SystemCoreClock                          0x20000030   Data           4  system_stm32f10x.o(.data)
    AHBPrescTable                            0x20000034   Data          16  system_stm32f10x.o(.data)
    BUF                                      0x20000048   Data           8  bh1750.o(.data)
    dis_data                                 0x20000050   Data           4  bh1750.o(.data)
    mcy                                      0x20000054   Data           4  bh1750.o(.data)
    __stdout                                 0x20000068   Data           4  usart.o(.data)
    USART_RX_STA                             0x2000006c   Data           2  usart.o(.data)
    ReceiveBuf                               0x20000088   Data          20  main.o(.bss)
    SendBuf                                  0x2000009c   Data          20  main.o(.bss)
    sensorState                              0x200000b0   Data          24  main.o(.bss)
    RTCTime                                  0x200000c8   Data          24  main.o(.bss)
    OldTime                                  0x200000e0   Data          24  main.o(.bss)
    g_sht2x_param                            0x200000f8   Data          24  sht2x.o(.bss)
    calendar                                 0x20000110   Data          10  rtc.o(.bss)
    USART_RX_BUF                             0x2000011a   Data         200  usart.o(.bss)
    __libspace_start                         0x200001e4   Data          96  libspace.o(.bss)
    __temporary_stack_top$libspace           0x20000244   Data           0  libspace.o(.bss)



==============================================================================

Memory Map of the image

  Image Entry point : 0x080000ed

  Load Region LR_IROM1 (Base: 0x08000000, Size: 0x0000bb04, Max: 0x00010000, ABSOLUTE)

    Execution Region ER_IROM1 (Base: 0x08000000, Size: 0x0000ba7c, Max: 0x00010000, ABSOLUTE)

    Base Addr    Size         Type   Attr      Idx    E Section Name        Object

    0x08000000   0x000000ec   Data   RO          523    RESET               startup_stm32f10x_md.o
    0x080000ec   0x00000008   Code   RO          867  * !!!main             c_w.l(__main.o)
    0x080000f4   0x00000034   Code   RO         1225    !!!scatter          c_w.l(__scatter.o)
    0x08000128   0x0000001a   Code   RO         1227    !!handler_copy      c_w.l(__scatter_copy.o)
    0x08000142   0x00000002   PAD
    0x08000144   0x0000001c   Code   RO         1229    !!handler_zi        c_w.l(__scatter_zi.o)
    0x08000160   0x00000000   Code   RO          851    .ARM.Collect$$_printf_percent$$00000000  c_w.l(_printf_percent.o)
    0x08000160   0x00000006   Code   RO          850    .ARM.Collect$$_printf_percent$$00000003  c_w.l(_printf_f.o)
    0x08000166   0x00000006   Code   RO          849    .ARM.Collect$$_printf_percent$$00000009  c_w.l(_printf_d.o)
    0x0800016c   0x00000004   Code   RO          950    .ARM.Collect$$_printf_percent$$00000017  c_w.l(_printf_percent_end.o)
    0x08000170   0x00000002   Code   RO         1096    .ARM.Collect$$libinit$$00000000  c_w.l(libinit.o)
    0x08000172   0x00000000   Code   RO         1098    .ARM.Collect$$libinit$$00000002  c_w.l(libinit2.o)
    0x08000172   0x00000000   Code   RO         1100    .ARM.Collect$$libinit$$00000004  c_w.l(libinit2.o)
    0x08000172   0x00000000   Code   RO         1103    .ARM.Collect$$libinit$$0000000A  c_w.l(libinit2.o)
    0x08000172   0x00000000   Code   RO         1105    .ARM.Collect$$libinit$$0000000C  c_w.l(libinit2.o)
    0x08000172   0x00000000   Code   RO         1107    .ARM.Collect$$libinit$$0000000E  c_w.l(libinit2.o)
    0x08000172   0x00000006   Code   RO         1108    .ARM.Collect$$libinit$$0000000F  c_w.l(libinit2.o)
    0x08000178   0x00000000   Code   RO         1110    .ARM.Collect$$libinit$$00000011  c_w.l(libinit2.o)
    0x08000178   0x0000000c   Code   RO         1111    .ARM.Collect$$libinit$$00000012  c_w.l(libinit2.o)
    0x08000184   0x00000000   Code   RO         1112    .ARM.Collect$$libinit$$00000013  c_w.l(libinit2.o)
    0x08000184   0x00000000   Code   RO         1114    .ARM.Collect$$libinit$$00000015  c_w.l(libinit2.o)
    0x08000184   0x0000000a   Code   RO         1115    .ARM.Collect$$libinit$$00000016  c_w.l(libinit2.o)
    0x0800018e   0x00000000   Code   RO         1116    .ARM.Collect$$libinit$$00000017  c_w.l(libinit2.o)
    0x0800018e   0x00000000   Code   RO         1118    .ARM.Collect$$libinit$$00000019  c_w.l(libinit2.o)
    0x0800018e   0x00000000   Code   RO         1120    .ARM.Collect$$libinit$$0000001B  c_w.l(libinit2.o)
    0x0800018e   0x00000000   Code   RO         1122    .ARM.Collect$$libinit$$0000001D  c_w.l(libinit2.o)
    0x0800018e   0x00000000   Code   RO         1124    .ARM.Collect$$libinit$$0000001F  c_w.l(libinit2.o)
    0x0800018e   0x00000000   Code   RO         1126    .ARM.Collect$$libinit$$00000021  c_w.l(libinit2.o)
    0x0800018e   0x00000000   Code   RO         1128    .ARM.Collect$$libinit$$00000023  c_w.l(libinit2.o)
    0x0800018e   0x00000000   Code   RO         1130    .ARM.Collect$$libinit$$00000025  c_w.l(libinit2.o)
    0x0800018e   0x00000000   Code   RO         1134    .ARM.Collect$$libinit$$0000002C  c_w.l(libinit2.o)
    0x0800018e   0x00000000   Code   RO         1136    .ARM.Collect$$libinit$$0000002E  c_w.l(libinit2.o)
    0x0800018e   0x00000000   Code   RO         1138    .ARM.Collect$$libinit$$00000030  c_w.l(libinit2.o)
    0x0800018e   0x00000000   Code   RO         1140    .ARM.Collect$$libinit$$00000032  c_w.l(libinit2.o)
    0x0800018e   0x00000002   Code   RO         1141    .ARM.Collect$$libinit$$00000033  c_w.l(libinit2.o)
    0x08000190   0x00000002   Code   RO         1176    .ARM.Collect$$libshutdown$$00000000  c_w.l(libshutdown.o)
    0x08000192   0x00000000   Code   RO         1186    .ARM.Collect$$libshutdown$$00000003  c_w.l(libshutdown2.o)
    0x08000192   0x00000000   Code   RO         1189    .ARM.Collect$$libshutdown$$00000006  c_w.l(libshutdown2.o)
    0x08000192   0x00000000   Code   RO         1192    .ARM.Collect$$libshutdown$$00000009  c_w.l(libshutdown2.o)
    0x08000192   0x00000000   Code   RO         1194    .ARM.Collect$$libshutdown$$0000000B  c_w.l(libshutdown2.o)
    0x08000192   0x00000000   Code   RO         1197    .ARM.Collect$$libshutdown$$0000000E  c_w.l(libshutdown2.o)
    0x08000192   0x00000002   Code   RO         1198    .ARM.Collect$$libshutdown$$0000000F  c_w.l(libshutdown2.o)
    0x08000194   0x00000000   Code   RO          937    .ARM.Collect$$rtentry$$00000000  c_w.l(__rtentry.o)
    0x08000194   0x00000000   Code   RO          999    .ARM.Collect$$rtentry$$00000002  c_w.l(__rtentry2.o)
    0x08000194   0x00000006   Code   RO         1011    .ARM.Collect$$rtentry$$00000004  c_w.l(__rtentry4.o)
    0x0800019a   0x00000000   Code   RO         1001    .ARM.Collect$$rtentry$$00000009  c_w.l(__rtentry2.o)
    0x0800019a   0x00000004   Code   RO         1002    .ARM.Collect$$rtentry$$0000000A  c_w.l(__rtentry2.o)
    0x0800019e   0x00000000   Code   RO         1004    .ARM.Collect$$rtentry$$0000000C  c_w.l(__rtentry2.o)
    0x0800019e   0x00000008   Code   RO         1005    .ARM.Collect$$rtentry$$0000000D  c_w.l(__rtentry2.o)
    0x080001a6   0x00000002   Code   RO         1144    .ARM.Collect$$rtexit$$00000000  c_w.l(rtexit.o)
    0x080001a8   0x00000000   Code   RO         1156    .ARM.Collect$$rtexit$$00000002  c_w.l(rtexit2.o)
    0x080001a8   0x00000004   Code   RO         1157    .ARM.Collect$$rtexit$$00000003  c_w.l(rtexit2.o)
    0x080001ac   0x00000006   Code   RO         1158    .ARM.Collect$$rtexit$$00000004  c_w.l(rtexit2.o)
    0x080001b2   0x00000002   PAD
    0x080001b4   0x0000156c   Code   RO            1    .text               main.o
    0x08001720   0x0000001a   Code   RO          183    .text               stm32f10x_it.o
    0x0800173a   0x00000002   PAD
    0x0800173c   0x000001e0   Code   RO          224    .text               system_stm32f10x.o
    0x0800191c   0x00000180   Code   RO          242    .text               led.o
    0x08001a9c   0x00000060   Code   RO          254    .text               beep.o
    0x08001afc   0x000001c4   Code   RO          266    .text               key.o
    0x08001cc0   0x00000108   Code   RO          279    .text               pwm.o
    0x08001dc8   0x000004ae   Code   RO          291    .text               sht11.o
    0x08002276   0x00000002   PAD
    0x08002278   0x0000004c   Code   RO          307    .text               pump.o
    0x080022c4   0x000001a0   Code   RO          319    .text               dht11.o
    0x08002464   0x000000e8   Code   RO          331    .text               watersensor.o
    0x0800254c   0x00000318   Code   RO          343    .text               bh1750.o
    0x08002864   0x000000e8   Code   RO          358    .text               battery.o
    0x0800294c   0x00000698   Code   RO          382    .text               sht2x.o
    0x08002fe4   0x00000268   Code   RO          400    .text               ws2812b.o
    0x0800324c   0x00000390   Code   RO          413    .text               rtc.o
    0x080035dc   0x000000e0   Code   RO          433    .text               exti.o
    0x080036bc   0x0000002c   Code   RO          445    .text               iwdg.o
    0x080036e8   0x000000d4   Code   RO          457    .text               delay.o
    0x080037bc   0x000000c0   Code   RO          488    .text               usart.o
    0x0800387c   0x00000040   Code   RO          524    .text               startup_stm32f10x_md.o
    0x080038bc   0x0000035c   Code   RO          528    .text               stm32f10x_gpio.o
    0x08003c18   0x000003a4   Code   RO          540    .text               stm32f10x_rcc.o
    0x08003fbc   0x00000408   Code   RO          554    .text               stm32f10x_usart.o
    0x080043c4   0x000000dc   Code   RO          566    .text               misc.o
    0x080044a0   0x0000044e   Code   RO          578    .text               stm32f10x_adc.o
    0x080048ee   0x00000002   PAD
    0x080048f0   0x000000c4   Code   RO          590    .text               stm32f10x_bkp.o
    0x080049b4   0x000000cc   Code   RO          674    .text               stm32f10x_pwr.o
    0x08004a80   0x00000148   Code   RO          686    .text               stm32f10x_rtc.o
    0x08004bc8   0x0000030c   Code   RO          710    .text               stm32f10x_spi.o
    0x08004ed4   0x00000e1a   Code   RO          722    .text               stm32f10x_tim.o
    0x08005cee   0x00000002   PAD
    0x08005cf0   0x0000011c   Code   RO          734    .text               stm32f10x_exti.o
    0x08005e0c   0x00000040   Code   RO          746    .text               stm32f10x_iwdg.o
    0x08005e4c   0x0000090c   Code   RO          758    .text               gui.o
    0x08006758   0x00000496   Code   RO          776    .text               lcd_driver.o
    0x08006bee   0x00000002   Code   RO          813    .text               c_w.l(use_no_semi_2.o)
    0x08006bf0   0x00000018   Code   RO          819    .text               c_w.l(noretval__2printf.o)
    0x08006c08   0x00000028   Code   RO          821    .text               c_w.l(noretval__2sprintf.o)
    0x08006c30   0x0000004e   Code   RO          825    .text               c_w.l(_printf_pad.o)
    0x08006c7e   0x00000002   PAD
    0x08006c80   0x00000078   Code   RO          827    .text               c_w.l(_printf_dec.o)
    0x08006cf8   0x0000010e   Code   RO          837    .text               c_w.l(__printf_wp.o)
    0x08006e06   0x00000002   PAD
    0x08006e08   0x0000003c   Code   RO          852    .text               c_w.l(__0sscanf.o)
    0x08006e44   0x0000014c   Code   RO          854    .text               c_w.l(_scanf_int.o)
    0x08006f90   0x0000000c   Code   RO          856    .text               c_w.l(strtok.o)
    0x08006f9c   0x00000048   Code   RO          859    .text               c_w.l(strcpy.o)
    0x08006fe4   0x0000003e   Code   RO          861    .text               c_w.l(strlen.o)
    0x08007022   0x00000096   Code   RO          863    .text               c_w.l(strncmp.o)
    0x080070b8   0x00000006   Code   RO          865    .text               c_w.l(heapauxi.o)
    0x080070be   0x00000002   Code   RO          935    .text               c_w.l(use_no_semi.o)
    0x080070c0   0x00000016   Code   RO          938    .text               c_w.l(_rserrno.o)
    0x080070d6   0x000000b2   Code   RO          940    .text               c_w.l(_printf_intcommon.o)
    0x08007188   0x0000041a   Code   RO          942    .text               c_w.l(_printf_fp_dec.o)
    0x080075a2   0x00000002   PAD
    0x080075a4   0x00000030   Code   RO          944    .text               c_w.l(_printf_char_common.o)
    0x080075d4   0x0000000a   Code   RO          946    .text               c_w.l(_sputc.o)
    0x080075de   0x00000002   PAD
    0x080075e0   0x00000024   Code   RO          948    .text               c_w.l(_printf_char_file.o)
    0x08007604   0x0000001c   Code   RO          951    .text               c_w.l(_chval.o)
    0x08007620   0x0000002c   Code   RO          953    .text               c_w.l(scanf_char.o)
    0x0800764c   0x00000040   Code   RO          955    .text               c_w.l(_sgetc.o)
    0x0800768c   0x00000044   Code   RO          957    .text               c_w.l(strtok_int.o)
    0x080076d0   0x00000008   Code   RO         1016    .text               c_w.l(rt_locale_intlibspace.o)
    0x080076d8   0x00000008   Code   RO         1021    .text               c_w.l(rt_errno_addr_intlibspace.o)
    0x080076e0   0x0000008a   Code   RO         1023    .text               c_w.l(lludiv10.o)
    0x0800776a   0x00000012   Code   RO         1025    .text               c_w.l(isspace.o)
    0x0800777c   0x00000080   Code   RO         1027    .text               c_w.l(_printf_fp_infnan.o)
    0x080077fc   0x00000374   Code   RO         1031    .text               c_w.l(_scanf.o)
    0x08007b70   0x000000dc   Code   RO         1033    .text               c_w.l(bigflt0.o)
    0x08007c4c   0x00000008   Code   RO         1058    .text               c_w.l(ferror.o)
    0x08007c54   0x00000020   Code   RO         1065    .text               c_w.l(strcspn.o)
    0x08007c74   0x0000001c   Code   RO         1067    .text               c_w.l(strspn.o)
    0x08007c90   0x00000008   Code   RO         1080    .text               c_w.l(libspace.o)
    0x08007c98   0x0000004a   Code   RO         1083    .text               c_w.l(sys_stackheap_outer.o)
    0x08007ce2   0x00000002   PAD
    0x08007ce4   0x00000010   Code   RO         1085    .text               c_w.l(rt_ctype_table.o)
    0x08007cf4   0x0000000c   Code   RO         1087    .text               c_w.l(exit.o)
    0x08007d00   0x00000080   Code   RO         1089    .text               c_w.l(strcmpv7m.o)
    0x08007d80   0x0000003e   Code   RO         1036    CL$$btod_d2e        c_w.l(btod.o)
    0x08007dbe   0x00000046   Code   RO         1038    CL$$btod_d2e_denorm_low  c_w.l(btod.o)
    0x08007e04   0x00000060   Code   RO         1037    CL$$btod_d2e_norm_op1  c_w.l(btod.o)
    0x08007e64   0x00000338   Code   RO         1046    CL$$btod_div_common  c_w.l(btod.o)
    0x0800819c   0x000000c6   Code   RO         1043    CL$$btod_e2e        c_w.l(btod.o)
    0x08008262   0x00000028   Code   RO         1040    CL$$btod_ediv       c_w.l(btod.o)
    0x0800828a   0x00000028   Code   RO         1039    CL$$btod_emul       c_w.l(btod.o)
    0x080082b2   0x00000244   Code   RO         1045    CL$$btod_mult_common  c_w.l(btod.o)
    0x080084f6   0x00000028   Code   RO         1075    i.__ARM_fpclassify  m_ws.l(fpclassify.o)
    0x0800851e   0x000000aa   Code   RO         1077    i.__kernel_poly     m_ws.l(poly.o)
    0x080085c8   0x00000010   Code   RO          974    i.__mathlib_dbl_divzero  m_ws.l(dunder.o)
    0x080085d8   0x00000006   Code   RO          975    i.__mathlib_dbl_infnan  m_ws.l(dunder.o)
    0x080085de   0x0000000c   Code   RO          977    i.__mathlib_dbl_invalid  m_ws.l(dunder.o)
    0x080085ea   0x0000000e   Code   RO          839    i._is_digit         c_w.l(__printf_wp.o)
    0x080085f8   0x0000035c   Code   RO          989    i.log               m_ws.l(log.o)
    0x08008954   0x000000e4   Code   RO          928    i.log10             m_ws.l(log10.o)
    0x08008a38   0x0000002c   Code   RO         1063    locale$$code        c_w.l(lc_numeric_c.o)
    0x08008a64   0x0000002c   Code   RO         1147    locale$$code        c_w.l(lc_ctype_c.o)
    0x08008a90   0x00000062   Code   RO          869    x$fpl$d2f           fz_ws.l(d2f.o)
    0x08008af2   0x00000002   PAD
    0x08008af4   0x00000150   Code   RO          871    x$fpl$dadd          fz_ws.l(daddsub_clz.o)
    0x08008c44   0x00000010   Code   RO         1069    x$fpl$dcheck1       fz_ws.l(dcheck1.o)
    0x08008c54   0x00000018   Code   RO          959    x$fpl$dcmpinf       fz_ws.l(dcmpi.o)
    0x08008c6c   0x000002b0   Code   RO          878    x$fpl$ddiv          fz_ws.l(ddiv.o)
    0x08008f1c   0x00000078   Code   RO         1071    x$fpl$deqf          fz_ws.l(deqf.o)
    0x08008f94   0x0000005e   Code   RO          881    x$fpl$dfix          fz_ws.l(dfix.o)
    0x08008ff2   0x0000002e   Code   RO          886    x$fpl$dflt          fz_ws.l(dflt_clz.o)
    0x08009020   0x00000078   Code   RO          891    x$fpl$dleqf         fz_ws.l(dleqf.o)
    0x08009098   0x00000154   Code   RO          893    x$fpl$dmul          fz_ws.l(dmul.o)
    0x080091ec   0x0000009c   Code   RO          961    x$fpl$dnaninf       fz_ws.l(dnaninf.o)
    0x08009288   0x0000000c   Code   RO          963    x$fpl$dretinf       fz_ws.l(dretinf.o)
    0x08009294   0x0000006c   Code   RO          895    x$fpl$drleqf        fz_ws.l(drleqf.o)
    0x08009300   0x00000016   Code   RO          872    x$fpl$drsb          fz_ws.l(daddsub_clz.o)
    0x08009316   0x00000002   PAD
    0x08009318   0x000001d4   Code   RO          873    x$fpl$dsub          fz_ws.l(daddsub_clz.o)
    0x080094ec   0x00000056   Code   RO          897    x$fpl$f2d           fz_ws.l(f2d.o)
    0x08009542   0x00000002   PAD
    0x08009544   0x000000c4   Code   RO          899    x$fpl$fadd          fz_ws.l(faddsub_clz.o)
    0x08009608   0x00000018   Code   RO          965    x$fpl$fcmpinf       fz_ws.l(fcmpi.o)
    0x08009620   0x00000184   Code   RO          906    x$fpl$fdiv          fz_ws.l(fdiv.o)
    0x080097a4   0x00000036   Code   RO          909    x$fpl$ffix          fz_ws.l(ffix.o)
    0x080097da   0x00000002   PAD
    0x080097dc   0x00000030   Code   RO          914    x$fpl$fflt          fz_ws.l(fflt_clz.o)
    0x0800980c   0x00000026   Code   RO          913    x$fpl$ffltu         fz_ws.l(fflt_clz.o)
    0x08009832   0x00000002   PAD
    0x08009834   0x00000068   Code   RO          919    x$fpl$fleqf         fz_ws.l(fleqf.o)
    0x0800989c   0x00000102   Code   RO          921    x$fpl$fmul          fz_ws.l(fmul.o)
    0x0800999e   0x0000008c   Code   RO          967    x$fpl$fnaninf       fz_ws.l(fnaninf.o)
    0x08009a2a   0x0000000a   Code   RO          969    x$fpl$fretinf       fz_ws.l(fretinf.o)
    0x08009a34   0x00000062   Code   RO          923    x$fpl$frleqf        fz_ws.l(frleqf.o)
    0x08009a96   0x00000002   PAD
    0x08009a98   0x000000ea   Code   RO          901    x$fpl$fsub          fz_ws.l(faddsub_clz.o)
    0x08009b82   0x00000004   Code   RO          925    x$fpl$printf1       fz_ws.l(printf1.o)
    0x08009b86   0x00000064   Code   RO         1142    x$fpl$retnan        fz_ws.l(retnan.o)
    0x08009bea   0x0000005c   Code   RO          971    x$fpl$scalbn        fz_ws.l(scalbn.o)
    0x08009c46   0x00000030   Code   RO         1153    x$fpl$trapveneer    fz_ws.l(trapv.o)
    0x08009c76   0x00000000   Code   RO          973    x$fpl$usenofp       fz_ws.l(usenofp.o)
    0x08009c76   0x00000168   Data   RO            3    .constdata          main.o
    0x08009dde   0x00000018   Data   RO          415    .constdata          rtc.o
    0x08009df6   0x00001a60   Data   RO          759    .constdata          gui.o
    0x0800b856   0x00000002   PAD
    0x0800b858   0x00000038   Data   RO          990    .constdata          m_ws.l(log.o)
    0x0800b890   0x00000094   Data   RO         1034    .constdata          c_w.l(bigflt0.o)
    0x0800b924   0x00000004   PAD
    0x0800b928   0x00000008   Data   RO         1079    .constdata          m_ws.l(qnan.o)
    0x0800b930   0x00000020   Data   RO         1223    Region$$Table       anon$$obj.o
    0x0800b950   0x0000001c   Data   RO         1062    locale$$data        c_w.l(lc_numeric_c.o)
    0x0800b96c   0x00000110   Data   RO         1146    locale$$data        c_w.l(lc_ctype_c.o)


    Execution Region RW_IRAM1 (Base: 0x20000000, Size: 0x00000848, Max: 0x00005000, ABSOLUTE)

    Base Addr    Size         Type   Attr      Idx    E Section Name        Object

    0x20000000   0x0000002f   Data   RW            4    .data               main.o
    0x2000002f   0x00000001   PAD
    0x20000030   0x00000014   Data   RW          225    .data               system_stm32f10x.o
    0x20000044   0x00000001   Data   RW          267    .data               key.o
    0x20000045   0x00000003   PAD
    0x20000048   0x00000010   Data   RW          344    .data               bh1750.o
    0x20000058   0x00000008   Data   RW          401    .data               ws2812b.o
    0x20000060   0x00000002   Data   RW          416    .data               rtc.o
    0x20000062   0x00000004   Data   RW          458    .data               delay.o
    0x20000066   0x00000002   PAD
    0x20000068   0x00000006   Data   RW          490    .data               usart.o
    0x2000006e   0x00000014   Data   RW          541    .data               stm32f10x_rcc.o
    0x20000082   0x00000002   PAD
    0x20000084   0x00000004   Data   RW          857    .data               c_w.l(strtok.o)
    0x20000088   0x00000070   Zero   RW            2    .bss                main.o
    0x200000f8   0x00000018   Zero   RW          383    .bss                sht2x.o
    0x20000110   0x0000000a   Zero   RW          414    .bss                rtc.o
    0x2000011a   0x000000c8   Zero   RW          489    .bss                usart.o
    0x200001e2   0x00000002   PAD
    0x200001e4   0x00000060   Zero   RW         1081    .bss                c_w.l(libspace.o)
    0x20000244   0x00000004   PAD
    0x20000248   0x00000200   Zero   RW          522    HEAP                startup_stm32f10x_md.o
    0x20000448   0x00000400   Zero   RW          521    STACK               startup_stm32f10x_md.o


==============================================================================

Image component sizes


      Code (inc. data)   RO Data    RW Data    ZI Data      Debug   Object Name

       232          8          0          0          0       1106   battery.o
        96         14          0          0          0        631   beep.o
       792         26          0         16          0       3324   bh1750.o
       212         18          0          4          0        967   delay.o
       416         20          0          0          0       2118   dht11.o
       224          0          0          0          0        629   exti.o
      2316         16       6752          0          0       5825   gui.o
        44          0          0          0          0        618   iwdg.o
       452         16          0          1          0       1092   key.o
      1174         14          0          0          0       4181   lcd_driver.o
       384         28          0          0          0       1531   led.o
      5484        966        360         47        112     278633   main.o
       220         22          0          0          0       1745   misc.o
        76          6          0          0          0        685   pump.o
       264         14          0          0          0       1114   pwm.o
       912         34         24          2         10       3556   rtc.o
      1198         84          0          0          0       4041   sht11.o
      1688         66          0          0         24       6549   sht2x.o
        64         26        236          0       1536        768   startup_stm32f10x_md.o
      1102         26          0          0          0      10777   stm32f10x_adc.o
       196          8          0          0          0       3408   stm32f10x_bkp.o
       284         10          0          0          0       2175   stm32f10x_exti.o
       860         38          0          0          0       5589   stm32f10x_gpio.o
        26          0          0          0          0       1154   stm32f10x_it.o
        64          6          0          0          0       1237   stm32f10x_iwdg.o
       204         14          0          0          0       1891   stm32f10x_pwr.o
       932         36          0         20          0       8732   stm32f10x_rcc.o
       328          4          0          0          0       2642   stm32f10x_rtc.o
       780         14          0          0          0       6470   stm32f10x_spi.o
      3610         88          0          0          0      22072   stm32f10x_tim.o
      1032         22          0          0          0       8316   stm32f10x_usart.o
         0          0          0          0          0         32   sys.o
       480         38          0         20          0       1659   system_stm32f10x.o
       192          8          0          6        200       2868   usart.o
       232          8          0          0          0       1139   watersensor.o
       616         16          0          8          0       2410   ws2812b.o

    ----------------------------------------------------------------------
     27194       1714       7406        132       1884     401684   Object Totals
         0          0         32          0          0          0   (incl. Generated)
         8          0          2          8          2          0   (incl. Padding)

    ----------------------------------------------------------------------

      Code (inc. data)   RO Data    RW Data    ZI Data      Debug   Library Member Name

        60          8          0          0          0         84   __0sscanf.o
         8          0          0          0          0         68   __main.o
       284          0          0          0          0        156   __printf_wp.o
         0          0          0          0          0          0   __rtentry.o
        12          0          0          0          0          0   __rtentry2.o
         6          0          0          0          0          0   __rtentry4.o
        52          8          0          0          0          0   __scatter.o
        26          0          0          0          0          0   __scatter_copy.o
        28          0          0          0          0          0   __scatter_zi.o
        28          0          0          0          0         68   _chval.o
        48          6          0          0          0         96   _printf_char_common.o
        36          4          0          0          0         80   _printf_char_file.o
         6          0          0          0          0          0   _printf_d.o
       120         16          0          0          0         92   _printf_dec.o
         6          0          0          0          0          0   _printf_f.o
      1050          0          0          0          0        216   _printf_fp_dec.o
       128         16          0          0          0         84   _printf_fp_infnan.o
       178          0          0          0          0         88   _printf_intcommon.o
        78          0          0          0          0        108   _printf_pad.o
         0          0          0          0          0          0   _printf_percent.o
         4          0          0          0          0          0   _printf_percent_end.o
        22          0          0          0          0        100   _rserrno.o
       884          6          0          0          0        100   _scanf.o
       332          0          0          0          0         96   _scanf_int.o
        64          0          0          0          0         84   _sgetc.o
        10          0          0          0          0         68   _sputc.o
       220          4        148          0          0         96   bigflt0.o
      1910        128          0          0          0        672   btod.o
        12          0          0          0          0         72   exit.o
         8          0          0          0          0         68   ferror.o
         6          0          0          0          0        152   heapauxi.o
        18          0          0          0          0         76   isspace.o
        44         10        272          0          0         76   lc_ctype_c.o
        44         10         28          0          0         76   lc_numeric_c.o
         2          0          0          0          0          0   libinit.o
        30          0          0          0          0          0   libinit2.o
         2          0          0          0          0          0   libshutdown.o
         2          0          0          0          0          0   libshutdown2.o
         8          4          0          0         96         68   libspace.o
       138          0          0          0          0         80   lludiv10.o
        24          4          0          0          0         84   noretval__2printf.o
        40          6          0          0          0         84   noretval__2sprintf.o
        16          4          0          0          0         76   rt_ctype_table.o
         8          4          0          0          0         68   rt_errno_addr_intlibspace.o
         8          4          0          0          0         68   rt_locale_intlibspace.o
         2          0          0          0          0          0   rtexit.o
        10          0          0          0          0          0   rtexit2.o
        44          8          0          0          0         84   scanf_char.o
       128          0          0          0          0         68   strcmpv7m.o
        72          0          0          0          0         80   strcpy.o
        32          0          0          0          0         80   strcspn.o
        62          0          0          0          0         76   strlen.o
       150          0          0          0          0         80   strncmp.o
        28          0          0          0          0         80   strspn.o
        12          6          0          4          0         68   strtok.o
        68          4          0          0          0         84   strtok_int.o
        74          0          0          0          0         80   sys_stackheap_outer.o
         2          0          0          0          0         68   use_no_semi.o
         2          0          0          0          0         68   use_no_semi_2.o
        98          4          0          0          0         92   d2f.o
       826         16          0          0          0        348   daddsub_clz.o
        16          4          0          0          0         68   dcheck1.o
        24          0          0          0          0         68   dcmpi.o
       688        140          0          0          0        208   ddiv.o
       120          4          0          0          0         92   deqf.o
        94          4          0          0          0         92   dfix.o
        46          0          0          0          0         68   dflt_clz.o
       120          4          0          0          0         92   dleqf.o
       340         12          0          0          0        104   dmul.o
       156          4          0          0          0         92   dnaninf.o
        12          0          0          0          0         68   dretinf.o
       108          0          0          0          0         80   drleqf.o
        86          4          0          0          0         84   f2d.o
       430          8          0          0          0        168   faddsub_clz.o
        24          0          0          0          0         68   fcmpi.o
       388         76          0          0          0         96   fdiv.o
        54          4          0          0          0         84   ffix.o
        86          0          0          0          0        136   fflt_clz.o
       104          4          0          0          0         84   fleqf.o
       258          4          0          0          0         84   fmul.o
       140          4          0          0          0         84   fnaninf.o
        10          0          0          0          0         68   fretinf.o
        98          0          0          0          0         68   frleqf.o
         4          0          0          0          0         68   printf1.o
       100          0          0          0          0         68   retnan.o
        92          0          0          0          0         68   scalbn.o
        48          0          0          0          0         68   trapv.o
         0          0          0          0          0          0   usenofp.o
        34          4          0          0          0        204   dunder.o
        40          0          0          0          0         68   fpclassify.o
       860         52         56          0          0        256   log.o
       228         30          0          0          0        120   log10.o
       170          0          0          0          0         96   poly.o
         0          0          8          0          0          0   qnan.o

    ----------------------------------------------------------------------
     12624        642        516          4        100       7832   Library Totals
        26          0          4          0          4          0   (incl. Padding)

    ----------------------------------------------------------------------

      Code (inc. data)   RO Data    RW Data    ZI Data      Debug   Library Name

      6696        260        448          4         96       4320   c_w.l
      4570        296          0          0          0       2768   fz_ws.l
      1332         86         64          0          0        744   m_ws.l

    ----------------------------------------------------------------------
     12624        642        516          4        100       7832   Library Totals

    ----------------------------------------------------------------------

==============================================================================


      Code (inc. data)   RO Data    RW Data    ZI Data      Debug   

     39818       2356       7922        136       1984     401712   Grand Totals
     39818       2356       7922        136       1984     401712   ELF Image Totals
     39818       2356       7922        136          0          0   ROM Totals

==============================================================================

    Total RO  Size (Code + RO Data)                47740 (  46.62kB)
    Total RW  Size (RW Data + ZI Data)              2120 (   2.07kB)
    Total ROM Size (Code + RO Data + RW Data)      47876 (  46.75kB)

==============================================================================

